Archive member included to satisfy reference by file (symbol)

/home/jw/Desktop/riscv64-unknown-elf-toolchain-10.2.0-2020.12.8-x86_64-linux-ubuntu14/bin/../lib/gcc/riscv64-unknown-elf/10.2.0/../../../../riscv64-unknown-elf/lib/rv32imac/ilp32/libc_nano.a(lib_a-printf.o)
                              /tmp/ccGNXoYY.o (printf)
/home/jw/Desktop/riscv64-unknown-elf-toolchain-10.2.0-2020.12.8-x86_64-linux-ubuntu14/bin/../lib/gcc/riscv64-unknown-elf/10.2.0/../../../../riscv64-unknown-elf/lib/rv32imac/ilp32/libc_nano.a(lib_a-puts.o)
                              /tmp/ccGNXoYY.o (puts)
/home/jw/Desktop/riscv64-unknown-elf-toolchain-10.2.0-2020.12.8-x86_64-linux-ubuntu14/bin/../lib/gcc/riscv64-unknown-elf/10.2.0/../../../../riscv64-unknown-elf/lib/rv32imac/ilp32/libc_nano.a(lib_a-wbuf.o)
                              /home/jw/Desktop/riscv64-unknown-elf-toolchain-10.2.0-2020.12.8-x86_64-linux-ubuntu14/bin/../lib/gcc/riscv64-unknown-elf/10.2.0/../../../../riscv64-unknown-elf/lib/rv32imac/ilp32/libc_nano.a(lib_a-puts.o) (__swbuf_r)
/home/jw/Desktop/riscv64-unknown-elf-toolchain-10.2.0-2020.12.8-x86_64-linux-ubuntu14/bin/../lib/gcc/riscv64-unknown-elf/10.2.0/../../../../riscv64-unknown-elf/lib/rv32imac/ilp32/libc_nano.a(lib_a-wsetup.o)
                              /home/jw/Desktop/riscv64-unknown-elf-toolchain-10.2.0-2020.12.8-x86_64-linux-ubuntu14/bin/../lib/gcc/riscv64-unknown-elf/10.2.0/../../../../riscv64-unknown-elf/lib/rv32imac/ilp32/libc_nano.a(lib_a-puts.o) (__swsetup_r)
/home/jw/Desktop/riscv64-unknown-elf-toolchain-10.2.0-2020.12.8-x86_64-linux-ubuntu14/bin/../lib/gcc/riscv64-unknown-elf/10.2.0/../../../../riscv64-unknown-elf/lib/rv32imac/ilp32/libc_nano.a(lib_a-fflush.o)
                              /home/jw/Desktop/riscv64-unknown-elf-toolchain-10.2.0-2020.12.8-x86_64-linux-ubuntu14/bin/../lib/gcc/riscv64-unknown-elf/10.2.0/../../../../riscv64-unknown-elf/lib/rv32imac/ilp32/libc_nano.a(lib_a-wbuf.o) (_fflush_r)
/home/jw/Desktop/riscv64-unknown-elf-toolchain-10.2.0-2020.12.8-x86_64-linux-ubuntu14/bin/../lib/gcc/riscv64-unknown-elf/10.2.0/../../../../riscv64-unknown-elf/lib/rv32imac/ilp32/libc_nano.a(lib_a-findfp.o)
                              /home/jw/Desktop/riscv64-unknown-elf-toolchain-10.2.0-2020.12.8-x86_64-linux-ubuntu14/bin/../lib/gcc/riscv64-unknown-elf/10.2.0/../../../../riscv64-unknown-elf/lib/rv32imac/ilp32/libc_nano.a(lib_a-printf.o) (__sinit)
/home/jw/Desktop/riscv64-unknown-elf-toolchain-10.2.0-2020.12.8-x86_64-linux-ubuntu14/bin/../lib/gcc/riscv64-unknown-elf/10.2.0/../../../../riscv64-unknown-elf/lib/rv32imac/ilp32/libc_nano.a(lib_a-fwalk.o)
                              /home/jw/Desktop/riscv64-unknown-elf-toolchain-10.2.0-2020.12.8-x86_64-linux-ubuntu14/bin/../lib/gcc/riscv64-unknown-elf/10.2.0/../../../../riscv64-unknown-elf/lib/rv32imac/ilp32/libc_nano.a(lib_a-findfp.o) (_fwalk)
/home/jw/Desktop/riscv64-unknown-elf-toolchain-10.2.0-2020.12.8-x86_64-linux-ubuntu14/bin/../lib/gcc/riscv64-unknown-elf/10.2.0/../../../../riscv64-unknown-elf/lib/rv32imac/ilp32/libc_nano.a(lib_a-impure.o)
                              /home/jw/Desktop/riscv64-unknown-elf-toolchain-10.2.0-2020.12.8-x86_64-linux-ubuntu14/bin/../lib/gcc/riscv64-unknown-elf/10.2.0/../../../../riscv64-unknown-elf/lib/rv32imac/ilp32/libc_nano.a(lib_a-fflush.o) (_global_impure_ptr)
/home/jw/Desktop/riscv64-unknown-elf-toolchain-10.2.0-2020.12.8-x86_64-linux-ubuntu14/bin/../lib/gcc/riscv64-unknown-elf/10.2.0/../../../../riscv64-unknown-elf/lib/rv32imac/ilp32/libc_nano.a(lib_a-makebuf.o)
                              /home/jw/Desktop/riscv64-unknown-elf-toolchain-10.2.0-2020.12.8-x86_64-linux-ubuntu14/bin/../lib/gcc/riscv64-unknown-elf/10.2.0/../../../../riscv64-unknown-elf/lib/rv32imac/ilp32/libc_nano.a(lib_a-wsetup.o) (__smakebuf_r)
/home/jw/Desktop/riscv64-unknown-elf-toolchain-10.2.0-2020.12.8-x86_64-linux-ubuntu14/bin/../lib/gcc/riscv64-unknown-elf/10.2.0/../../../../riscv64-unknown-elf/lib/rv32imac/ilp32/libc_nano.a(lib_a-memset.o)
                              /home/jw/Desktop/riscv64-unknown-elf-toolchain-10.2.0-2020.12.8-x86_64-linux-ubuntu14/bin/../lib/gcc/riscv64-unknown-elf/10.2.0/../../../../riscv64-unknown-elf/lib/rv32imac/ilp32/libc_nano.a(lib_a-findfp.o) (memset)
/home/jw/Desktop/riscv64-unknown-elf-toolchain-10.2.0-2020.12.8-x86_64-linux-ubuntu14/bin/../lib/gcc/riscv64-unknown-elf/10.2.0/../../../../riscv64-unknown-elf/lib/rv32imac/ilp32/libc_nano.a(lib_a-nano-freer.o)
                              /home/jw/Desktop/riscv64-unknown-elf-toolchain-10.2.0-2020.12.8-x86_64-linux-ubuntu14/bin/../lib/gcc/riscv64-unknown-elf/10.2.0/../../../../riscv64-unknown-elf/lib/rv32imac/ilp32/libc_nano.a(lib_a-wsetup.o) (_free_r)
/home/jw/Desktop/riscv64-unknown-elf-toolchain-10.2.0-2020.12.8-x86_64-linux-ubuntu14/bin/../lib/gcc/riscv64-unknown-elf/10.2.0/../../../../riscv64-unknown-elf/lib/rv32imac/ilp32/libc_nano.a(lib_a-nano-mallocr.o)
[...]
Memory Configuration

Name             Origin             Length             Attributes
itim             0x0000000008000000 0x0000000000002000 axrwl
ram              0x0000000080000000 0x0000000000004000 arw !xl
rom              0x0000000020010000 0x000000000006a120 xrl !aw
*default*        0x0000000000000000 0xffffffffffffffff

Linker script and memory map

LOAD /tmp/ccGNXoYY.o
START GROUP
LOAD /home/jw/Desktop/riscv64-unknown-elf-toolchain-10.2.0-2020.12.8-x86_64-linux-ubuntu14/bin/../lib/gcc/riscv64-unknown-elf/10.2.0/../../../../riscv64-unknown-elf/lib/rv32imac/ilp32/libc_nano.a
LOAD /home/jw/Desktop/riscv64-unknown-elf-toolchain-10.2.0-2020.12.8-x86_64-linux-ubuntu14/bin/../lib/gcc/riscv64-unknown-elf/10.2.0/rv32imac/ilp32/libgcc.a
LOAD /home/jw/Desktop/riscv64-unknown-elf-toolchain-10.2.0-2020.12.8-x86_64-linux-ubuntu14/bin/../lib/gcc/riscv64-unknown-elf/10.2.0/../../../../riscv64-unknown-elf/lib/rv32imac/ilp32/libm_nano.a
LOAD /home/jw/Desktop/sifive-standalone-project/bsp/install/lib/debug//libmetal.a
LOAD /home/jw/Desktop/sifive-standalone-project/bsp/install/lib/debug//libmetal-gloss.a
END GROUP
                0x0000000000000400                __stack_size = DEFINED (__stack_size)?__stack_size:0x400
                [!provide]                        PROVIDE (__stack_size = __stack_size)
                0x0000000000000800                __heap_size = DEFINED (__heap_size)?__heap_size:0x800
                0x0000000000000000                PROVIDE (__metal_boot_hart = 0x0)
                0x0000000000000001                PROVIDE (__metal_chicken_bit = 0x1)
                0x0000000000000000                PROVIDE (__metal_eccscrub_bit = 0x0)
                [!provide]                        PROVIDE (metal_dtim_0_memory_start = 0x80000000)
                [!provide]                        PROVIDE (metal_dtim_0_memory_end = 0x80004000)
                [!provide]                        PROVIDE (metal_itim_0_memory_start = 0x8000000)
                [!provide]                        PROVIDE (metal_itim_0_memory_end = 0x8002000)

.init           0x0000000020010000      0x2c4
 *(.text.metal.init.enter)
 .text.metal.init.enter
                0x0000000020010000       0x88 /home/jw/Desktop/sifive-standalone-project/bsp/install/lib/debug//libmetal.a(entry.o)
                0x0000000020010000                _enter
 *(.text.metal.init.*)
 .text.metal.init.__register_frame_info
                0x0000000020010088        0x2 /home/jw/Desktop/sifive-standalone-project/bsp/install/lib/debug//libmetal.a(entry.o)
                0x0000000020010088                __register_frame_info
 .text.metal.init.scrub
                0x000000002001008a       0xa8 /home/jw/Desktop/sifive-standalone-project/bsp/install/lib/debug//libmetal.a(scrub.o)
                0x000000002001008a                metal_mem_scrub
                0x00000000200100cc                __metal_before_start
 *fill*         0x0000000020010132        0x2 
 .text.metal.init.trapvec
                0x0000000020010134        0xe /home/jw/Desktop/sifive-standalone-project/bsp/install/lib/debug//libmetal.a(trap.o)
                0x0000000020010134                early_trap_vector
 *(SORT_NONE(.init))
 .init          0x0000000020010142        0xe /home/jw/Desktop/sifive-standalone-project/bsp/install/lib/debug//libmetal.a(synchronize_harts.o)
                0x0000000020010142                __metal_synchronize_harts
 *(.text.libgloss.start)
 .text.libgloss.start
                0x0000000020010150      0x174 /home/jw/Desktop/sifive-standalone-project/bsp/install/lib/debug//libmetal-gloss.a(crt0.o)
                0x0000000020010150                _start
                0x00000000200102a2                _init
                0x00000000200102a2                _fini
                0x00000000200102a4                secondary_main

.fini
 *(SORT_NONE(.fini))

.preinit_array  0x00000000200102c8        0x0
                0x00000000200102c8                PROVIDE (__preinit_array_start = .)
 *(.preinit_array)
                0x00000000200102c8                PROVIDE (__preinit_array_end = .)

.init_array     0x00000000200102c8        0xc
                0x00000000200102c8                PROVIDE (__init_array_start = .)
 *(SORT_BY_INIT_PRIORITY(.init_array.*) SORT_BY_INIT_PRIORITY(.ctors.*))
 *(.init_array EXCLUDE_FILE(*crtend?.o *crtend.o *crtbegin?.o *crtbegin.o) .ctors)
                0x00000000200102c8                PROVIDE (__init_array_end = .)
                0x00000000200102c8                PROVIDE (metal_constructors_start = .)
 *(SORT_BY_INIT_PRIORITY(.metal.init_array.*))
 .metal.init_array.5000
                0x00000000200102c8        0x4 /home/jw/Desktop/sifive-standalone-project/bsp/install/lib/debug//libmetal.a(tty.o)
                0x00000000200102c8                _metal_tty_init_ptr
 .metal.init_array.5000
                0x00000000200102cc        0x8 /home/jw/Desktop/sifive-standalone-project/bsp/install/lib/debug//libmetal.a(sifive_fe310-g000_pll.o)
                0x00000000200102cc                _metal_sifive_fe310_g000_pll_init_ptr
                0x00000000200102d0                _use_hfxosc_ptr
 *(.metal.init_array)
                0x00000000200102d4                PROVIDE (metal_constructors_end = .)

.fini_array     0x00000000200102d8        0x0
                0x00000000200102d8                PROVIDE (__fini_array_start = .)
 *(SORT_BY_INIT_PRIORITY(.fini_array.*) SORT_BY_INIT_PRIORITY(.dtors.*))
 *(.fini_array EXCLUDE_FILE(*crtend?.o *crtend.o *crtbegin?.o *crtbegin.o) .dtors)
                0x00000000200102d8                PROVIDE (__fini_array_end = .)
                0x00000000200102d8                PROVIDE (metal_destructors_start = .)
 *(SORT_BY_INIT_PRIORITY(.metal.fini_array.*))
 *(.metal.fini_array)
                0x00000000200102d8                PROVIDE (metal_destructors_end = .)

.ctors          0x00000000200102d4       0x7a
 *crtbegin.o(.ctors)
 *crtbegin?.o(.ctors)
 *(EXCLUDE_FILE(*crtend?.o *crtend.o) .ctors)
 *(SORT_BY_NAME(.ctors.*))
 *(.ctors)
 *(.metal.ctors .metal.ctors.*)
 .metal.ctors   0x00000000200102d4       0x24 /home/jw/Desktop/sifive-standalone-project/bsp/install/lib/debug//libmetal.a(tty.o)
                0x00000000200102d4                metal_tty_init
 .metal.ctors   0x00000000200102f8       0x56 /home/jw/Desktop/sifive-standalone-project/bsp/install/lib/debug//libmetal.a(sifive_fe310-g000_pll.o)
                0x00000000200102f8                metal_sifive_fe310_g000_pll_init
                0x0000000020010324                use_hfxosc

.dtors
 *crtbegin.o(.dtors)
 *crtbegin?.o(.dtors)
 *(EXCLUDE_FILE(*crtend?.o *crtend.o) .dtors)
 *(SORT_BY_NAME(.dtors.*))
 *(.dtors)
 *(.metal.dtors .metal.dtors.*)

.rodata         0x0000000020010350      0xcbc
 *(.rdata)
 *(.rodata .rodata.*)
 .rodata        0x0000000020010350       0x51 /tmp/ccGNXoYY.o
 *fill*         0x00000000200103a1        0x3 
 .rodata.__sf_fake_stderr
                0x00000000200103a4       0x20 /home/jw/Desktop/riscv64-unknown-elf-toolchain-10.2.0-2020.12.8-x86_64-linux-ubuntu14/bin/../lib/gcc/riscv64-unknown-elf/10.2.0/../../../../riscv64-unknown-elf/lib/rv32imac/ilp32/libc_nano.a(lib_a-findfp.o)
                0x00000000200103a4                __sf_fake_stderr
 .rodata.__sf_fake_stdin
                0x00000000200103c4       0x20 /home/jw/Desktop/riscv64-unknown-elf-toolchain-10.2.0-2020.12.8-x86_64-linux-ubuntu14/bin/../lib/gcc/riscv64-unknown-elf/10.2.0/../../../../riscv64-unknown-elf/lib/rv32imac/ilp32/libc_nano.a(lib_a-findfp.o)
                0x00000000200103c4                __sf_fake_stdin
 .rodata.__sf_fake_stdout
                0x00000000200103e4       0x20 /home/jw/Desktop/riscv64-unknown-elf-toolchain-10.2.0-2020.12.8-x86_64-linux-ubuntu14/bin/../lib/gcc/riscv64-unknown-elf/10.2.0/../../../../riscv64-unknown-elf/lib/rv32imac/ilp32/libc_nano.a(lib_a-findfp.o)
                0x00000000200103e4                __sf_fake_stdout
 .rodata._vfprintf_r.str1.4
                0x0000000020010404       0x13 /home/jw/Desktop/riscv64-unknown-elf-toolchain-10.2.0-2020.12.8-x86_64-linux-ubuntu14/bin/../lib/gcc/riscv64-unknown-elf/10.2.0/../../../../riscv64-unknown-elf/lib/rv32imac/ilp32/libc_nano.a(lib_a-nano-vfprintf.o)
 *fill*         0x0000000020010417        0x1 
 .rodata._printf_i.str1.4
                0x0000000020010418       0x25 /home/jw/Desktop/riscv64-unknown-elf-toolchain-10.2.0-2020.12.8-x86_64-linux-ubuntu14/bin/../lib/gcc/riscv64-unknown-elf/10.2.0/../../../../riscv64-unknown-elf/lib/rv32imac/ilp32/libc_nano.a(lib_a-nano-vfprintf_i.o)
 *fill*         0x000000002001043d        0x3 
 .rodata._printf_i
                0x0000000020010440       0x58 /home/jw/Desktop/riscv64-unknown-elf-toolchain-10.2.0-2020.12.8-x86_64-linux-ubuntu14/bin/../lib/gcc/riscv64-unknown-elf/10.2.0/../../../../riscv64-unknown-elf/lib/rv32imac/ilp32/libc_nano.a(lib_a-nano-vfprintf_i.o)
 .rodata.libgloss.start
                0x0000000020010498       0x11 /home/jw/Desktop/sifive-standalone-project/bsp/install/lib/debug//libmetal-gloss.a(crt0.o)
 *fill*         0x00000000200104a9        0x3 
 .rodata.__metal_driver_vtable_riscv_clint0
                0x00000000200104ac       0x64 /home/jw/Desktop/sifive-standalone-project/bsp/install/lib/debug//libmetal.a(riscv_clint0.o)
                0x00000000200104ac                __metal_driver_vtable_riscv_clint0
 .rodata.__metal_local_interrupt_enable
                0x0000000020010510       0x80 /home/jw/Desktop/sifive-standalone-project/bsp/install/lib/debug//libmetal.a(riscv_cpu.o)
 .rodata.__metal_driver_vtable_riscv_cpu_intc
                0x0000000020010590       0x64 /home/jw/Desktop/sifive-standalone-project/bsp/install/lib/debug//libmetal.a(riscv_cpu.o)
                0x0000000020010590                __metal_driver_vtable_riscv_cpu_intc
 .rodata.__metal_driver_vtable_cpu
                0x00000000200105f4       0x44 /home/jw/Desktop/sifive-standalone-project/bsp/install/lib/debug//libmetal.a(riscv_cpu.o)
                0x00000000200105f4                __metal_driver_vtable_cpu
 .rodata.__metal_driver_vtable_riscv_plic0
                0x0000000020010638       0x64 /home/jw/Desktop/sifive-standalone-project/bsp/install/lib/debug//libmetal.a(riscv_plic0.o)
                0x0000000020010638                __metal_driver_vtable_riscv_plic0
 .rodata.pll_configs
                0x000000002001069c      0x880 /home/jw/Desktop/sifive-standalone-project/bsp/install/lib/debug//libmetal.a(sifive_fe310-g000_pll.o)
 .rodata.__metal_driver_vtable_sifive_fe310_g000_pll
                0x0000000020010f1c        0xc /home/jw/Desktop/sifive-standalone-project/bsp/install/lib/debug//libmetal.a(sifive_fe310-g000_pll.o)
                0x0000000020010f1c                __metal_driver_vtable_sifive_fe310_g000_pll
 .rodata.__metal_driver_sifive_gpio0_config_int
                0x0000000020010f28       0x20 /home/jw/Desktop/sifive-standalone-project/bsp/install/lib/debug//libmetal.a(sifive_gpio0.o)
 .rodata.__metal_driver_sifive_gpio0_clear_int
                0x0000000020010f48       0x20 /home/jw/Desktop/sifive-standalone-project/bsp/install/lib/debug//libmetal.a(sifive_gpio0.o)
 .rodata.__metal_driver_vtable_sifive_gpio0
                0x0000000020010f68       0x3c /home/jw/Desktop/sifive-standalone-project/bsp/install/lib/debug//libmetal.a(sifive_gpio0.o)
                0x0000000020010f68                __metal_driver_vtable_sifive_gpio0
 .rodata.__metal_driver_vtable_sifive_uart0
                0x0000000020010fa4       0x40 /home/jw/Desktop/sifive-standalone-project/bsp/install/lib/debug//libmetal.a(sifive_uart0.o)
                0x0000000020010fa4                __metal_driver_vtable_sifive_uart0
 *(.gnu.linkonce.r.*)
                0x0000000020010fe8                . = ALIGN (0x8)
 *fill*         0x0000000020010fe4        0x4 
 *(.srodata.cst16)
 *(.srodata.cst8)
 *(.srodata.cst4)
 *(.srodata.cst2)
 *(.srodata .srodata.*)
 .srodata._global_impure_ptr
                0x0000000020010fe8        0x4 /home/jw/Desktop/riscv64-unknown-elf-toolchain-10.2.0-2020.12.8-x86_64-linux-ubuntu14/bin/../lib/gcc/riscv64-unknown-elf/10.2.0/../../../../riscv64-unknown-elf/lib/rv32imac/ilp32/libc_nano.a(lib_a-impure.o)
                0x0000000020010fe8                _global_impure_ptr
 .srodata.__metal_driver_vtable_sifive_fe310_g000_hfrosc
                0x0000000020010fec        0x8 /home/jw/Desktop/sifive-standalone-project/bsp/install/lib/debug//libmetal.a(sifive_fe310-g000_hfrosc.o)
                0x0000000020010fec                __metal_driver_vtable_sifive_fe310_g000_hfrosc
 .srodata.__metal_driver_vtable_sifive_fe310_g000_hfxosc
                0x0000000020010ff4        0x8 /home/jw/Desktop/sifive-standalone-project/bsp/install/lib/debug//libmetal.a(sifive_fe310-g000_hfxosc.o)
                0x0000000020010ff4                __metal_driver_vtable_sifive_fe310_g000_hfxosc
 .srodata.__metal_driver_vtable_sifive_fe310_g000_prci
                0x0000000020010ffc        0x8 /home/jw/Desktop/sifive-standalone-project/bsp/install/lib/debug//libmetal.a(sifive_fe310-g000_prci.o)
                0x0000000020010ffc                __metal_driver_vtable_sifive_fe310_g000_prci
 .srodata.__metal_driver_vtable_fixed_clock
                0x0000000020011004        0x8 /home/jw/Desktop/sifive-standalone-project/bsp/install/lib/debug//libmetal.a(fixed-clock.o)
                0x0000000020011004                __metal_driver_vtable_fixed_clock

.itim           0x0000000008000000        0x0 load address 0x0000000020011010
 *(.itim .itim.*)
                0x0000000020011010                PROVIDE (metal_segment_itim_source_start = LOADADDR (.itim))
                0x0000000008000000                PROVIDE (metal_segment_itim_target_start = ADDR (.itim))
                0x0000000008000000                PROVIDE (metal_segment_itim_target_end = (ADDR (.itim) + SIZEOF (.itim)))

.lim            0x0000000080000000        0x0 load address 0x0000000020011010
 *(.lim .lim.*)
                0x0000000020011010                PROVIDE (metal_segment_lim_source_start = LOADADDR (.lim))
                0x0000000080000000                PROVIDE (metal_segment_lim_target_start = ADDR (.lim))
                0x0000000080000000                PROVIDE (metal_segment_lim_target_end = (ADDR (.lim) + SIZEOF (.lim)))

.text           0x0000000020011080     0x60c4
 *(.text.unlikely .text.unlikely.*)
 *(.text.startup .text.startup.*)
 *(.text .text.*)
 .text.main     0x0000000020011080       0x34 /tmp/ccGNXoYY.o
                0x0000000020011080                main
 .text.printf   0x00000000200110b4       0x3e /home/jw/Desktop/riscv64-unknown-elf-toolchain-10.2.0-2020.12.8-x86_64-linux-ubuntu14/bin/../lib/gcc/riscv64-unknown-elf/10.2.0/../../../../riscv64-unknown-elf/lib/rv32imac/ilp32/libc_nano.a(lib_a-printf.o)
                0x00000000200110b4                printf
                0x00000000200110b4                iprintf
 .text._puts_r  0x00000000200110f2       0xda /home/jw/Desktop/riscv64-unknown-elf-toolchain-10.2.0-2020.12.8-x86_64-linux-ubuntu14/bin/../lib/gcc/riscv64-unknown-elf/10.2.0/../../../../riscv64-unknown-elf/lib/rv32imac/ilp32/libc_nano.a(lib_a-puts.o)
                0x00000000200110f2                _puts_r
 .text.puts     0x00000000200111cc        0xc /home/jw/Desktop/riscv64-unknown-elf-toolchain-10.2.0-2020.12.8-x86_64-linux-ubuntu14/bin/../lib/gcc/riscv64-unknown-elf/10.2.0/../../../../riscv64-unknown-elf/lib/rv32imac/ilp32/libc_nano.a(lib_a-puts.o)
                0x00000000200111cc                puts
 .text.__swbuf_r
                0x00000000200111d8       0xc0 /home/jw/Desktop/riscv64-unknown-elf-toolchain-10.2.0-2020.12.8-x86_64-linux-ubuntu14/bin/../lib/gcc/riscv64-unknown-elf/10.2.0/../../../../riscv64-unknown-elf/lib/rv32imac/ilp32/libc_nano.a(lib_a-wbuf.o)
                0x00000000200111d8                __swbuf_r
 .text.__swsetup_r
                0x0000000020011298      0x10a /home/jw/Desktop/riscv64-unknown-elf-toolchain-10.2.0-2020.12.8-x86_64-linux-ubuntu14/bin/../lib/gcc/riscv64-unknown-elf/10.2.0/../../../../riscv64-unknown-elf/lib/rv32imac/ilp32/libc_nano.a(lib_a-wsetup.o)
                0x0000000020011298                __swsetup_r
 .text.__sflush_r
                0x00000000200113a2      0x146 /home/jw/Desktop/riscv64-unknown-elf-toolchain-10.2.0-2020.12.8-x86_64-linux-ubuntu14/bin/../lib/gcc/riscv64-unknown-elf/10.2.0/../../../../riscv64-unknown-elf/lib/rv32imac/ilp32/libc_nano.a(lib_a-fflush.o)
                0x00000000200113a2                __sflush_r
 .text._fflush_r
                0x00000000200114e8       0x64 /home/jw/Desktop/riscv64-unknown-elf-toolchain-10.2.0-2020.12.8-x86_64-linux-ubuntu14/bin/../lib/gcc/riscv64-unknown-elf/10.2.0/../../../../riscv64-unknown-elf/lib/rv32imac/ilp32/libc_nano.a(lib_a-fflush.o)
                0x00000000200114e8                _fflush_r
 .text.std      0x000000002001154c       0x68 /home/jw/Desktop/riscv64-unknown-elf-toolchain-10.2.0-2020.12.8-x86_64-linux-ubuntu14/bin/../lib/gcc/riscv64-unknown-elf/10.2.0/../../../../riscv64-unknown-elf/lib/rv32imac/ilp32/libc_nano.a(lib_a-findfp.o)
 .text._cleanup_r
                0x00000000200115b4        0xa /home/jw/Desktop/riscv64-unknown-elf-toolchain-10.2.0-2020.12.8-x86_64-linux-ubuntu14/bin/../lib/gcc/riscv64-unknown-elf/10.2.0/../../../../riscv64-unknown-elf/lib/rv32imac/ilp32/libc_nano.a(lib_a-findfp.o)
                0x00000000200115b4                _cleanup_r
 .text.__sfmoreglue
                0x00000000200115be       0x44 /home/jw/Desktop/riscv64-unknown-elf-toolchain-10.2.0-2020.12.8-x86_64-linux-ubuntu14/bin/../lib/gcc/riscv64-unknown-elf/10.2.0/../../../../riscv64-unknown-elf/lib/rv32imac/ilp32/libc_nano.a(lib_a-findfp.o)
                0x00000000200115be                __sfmoreglue
 .text.__sinit  0x0000000020011602       0x6a /home/jw/Desktop/riscv64-unknown-elf-toolchain-10.2.0-2020.12.8-x86_64-linux-ubuntu14/bin/../lib/gcc/riscv64-unknown-elf/10.2.0/../../../../riscv64-unknown-elf/lib/rv32imac/ilp32/libc_nano.a(lib_a-findfp.o)
                0x0000000020011602                __sinit
 .text.__sfp    0x000000002001166c       0x9c /home/jw/Desktop/riscv64-unknown-elf-toolchain-10.2.0-2020.12.8-x86_64-linux-ubuntu14/bin/../lib/gcc/riscv64-unknown-elf/10.2.0/../../../../riscv64-unknown-elf/lib/rv32imac/ilp32/libc_nano.a(lib_a-findfp.o)
                0x000000002001166c                __sfp
 .text._fwalk_reent
                0x0000000020011708       0x6a /home/jw/Desktop/riscv64-unknown-elf-toolchain-10.2.0-2020.12.8-x86_64-linux-ubuntu14/bin/../lib/gcc/riscv64-unknown-elf/10.2.0/../../../../riscv64-unknown-elf/lib/rv32imac/ilp32/libc_nano.a(lib_a-fwalk.o)
                0x0000000020011708                _fwalk_reent
 .text.__swhatbuf_r
                0x0000000020011772       0x5c /home/jw/Desktop/riscv64-unknown-elf-toolchain-10.2.0-2020.12.8-x86_64-linux-ubuntu14/bin/../lib/gcc/riscv64-unknown-elf/10.2.0/../../../../riscv64-unknown-elf/lib/rv32imac/ilp32/libc_nano.a(lib_a-makebuf.o)
                0x0000000020011772                __swhatbuf_r
 .text.__smakebuf_r
                0x00000000200117ce       0x9c /home/jw/Desktop/riscv64-unknown-elf-toolchain-10.2.0-2020.12.8-x86_64-linux-ubuntu14/bin/../lib/gcc/riscv64-unknown-elf/10.2.0/../../../../riscv64-unknown-elf/lib/rv32imac/ilp32/libc_nano.a(lib_a-makebuf.o)
                0x00000000200117ce                __smakebuf_r
 .text          0x000000002001186a       0xa8 /home/jw/Desktop/riscv64-unknown-elf-toolchain-10.2.0-2020.12.8-x86_64-linux-ubuntu14/bin/../lib/gcc/riscv64-unknown-elf/10.2.0/../../../../riscv64-unknown-elf/lib/rv32imac/ilp32/libc_nano.a(lib_a-memset.o)
                0x000000002001186a                memset
 .text._free_r  0x0000000020011912       0xa2 /home/jw/Desktop/riscv64-unknown-elf-toolchain-10.2.0-2020.12.8-x86_64-linux-ubuntu14/bin/../lib/gcc/riscv64-unknown-elf/10.2.0/../../../../riscv64-unknown-elf/lib/rv32imac/ilp32/libc_nano.a(lib_a-nano-freer.o)
                0x0000000020011912                _free_r
 .text._malloc_r
                0x00000000200119b4       0xd8 /home/jw/Desktop/riscv64-unknown-elf-toolchain-10.2.0-2020.12.8-x86_64-linux-ubuntu14/bin/../lib/gcc/riscv64-unknown-elf/10.2.0/../../../../riscv64-unknown-elf/lib/rv32imac/ilp32/libc_nano.a(lib_a-nano-mallocr.o)
                0x00000000200119b4                _malloc_r
 .text.__sfputc_r
                0x0000000020011a8c       0x2a /home/jw/Desktop/riscv64-unknown-elf-toolchain-10.2.0-2020.12.8-x86_64-linux-ubuntu14/bin/../lib/gcc/riscv64-unknown-elf/10.2.0/../../../../riscv64-unknown-elf/lib/rv32imac/ilp32/libc_nano.a(lib_a-nano-vfprintf.o)
 .text.__sfputs_r
                0x0000000020011ab6       0x42 /home/jw/Desktop/riscv64-unknown-elf-toolchain-10.2.0-2020.12.8-x86_64-linux-ubuntu14/bin/../lib/gcc/riscv64-unknown-elf/10.2.0/../../../../riscv64-unknown-elf/lib/rv32imac/ilp32/libc_nano.a(lib_a-nano-vfprintf.o)
                0x0000000020011ab6                __sfputs_r
 .text._vfprintf_r
                0x0000000020011af8      0x294 /home/jw/Desktop/riscv64-unknown-elf-toolchain-10.2.0-2020.12.8-x86_64-linux-ubuntu14/bin/../lib/gcc/riscv64-unknown-elf/10.2.0/../../../../riscv64-unknown-elf/lib/rv32imac/ilp32/libc_nano.a(lib_a-nano-vfprintf.o)
                0x0000000020011af8                _vfiprintf_r
                0x0000000020011af8                _vfprintf_r
 .text._sbrk_r  0x0000000020011d8c       0x2e /home/jw/Desktop/riscv64-unknown-elf-toolchain-10.2.0-2020.12.8-x86_64-linux-ubuntu14/bin/../lib/gcc/riscv64-unknown-elf/10.2.0/../../../../riscv64-unknown-elf/lib/rv32imac/ilp32/libc_nano.a(lib_a-sbrkr.o)
                0x0000000020011d8c                _sbrk_r
 .text.__sread  0x0000000020011dba       0x30 /home/jw/Desktop/riscv64-unknown-elf-toolchain-10.2.0-2020.12.8-x86_64-linux-ubuntu14/bin/../lib/gcc/riscv64-unknown-elf/10.2.0/../../../../riscv64-unknown-elf/lib/rv32imac/ilp32/libc_nano.a(lib_a-stdio.o)
                0x0000000020011dba                __sread
 .text.__swrite
                0x0000000020011dea       0x4e /home/jw/Desktop/riscv64-unknown-elf-toolchain-10.2.0-2020.12.8-x86_64-linux-ubuntu14/bin/../lib/gcc/riscv64-unknown-elf/10.2.0/../../../../riscv64-unknown-elf/lib/rv32imac/ilp32/libc_nano.a(lib_a-stdio.o)
                0x0000000020011dea                __swrite
 .text.__sseek  0x0000000020011e38       0x36 /home/jw/Desktop/riscv64-unknown-elf-toolchain-10.2.0-2020.12.8-x86_64-linux-ubuntu14/bin/../lib/gcc/riscv64-unknown-elf/10.2.0/../../../../riscv64-unknown-elf/lib/rv32imac/ilp32/libc_nano.a(lib_a-stdio.o)
                0x0000000020011e38                __sseek
 .text.__sclose
                0x0000000020011e6e        0x6 /home/jw/Desktop/riscv64-unknown-elf-toolchain-10.2.0-2020.12.8-x86_64-linux-ubuntu14/bin/../lib/gcc/riscv64-unknown-elf/10.2.0/../../../../riscv64-unknown-elf/lib/rv32imac/ilp32/libc_nano.a(lib_a-stdio.o)
                0x0000000020011e6e                __sclose
 .text._write_r
                0x0000000020011e74       0x32 /home/jw/Desktop/riscv64-unknown-elf-toolchain-10.2.0-2020.12.8-x86_64-linux-ubuntu14/bin/../lib/gcc/riscv64-unknown-elf/10.2.0/../../../../riscv64-unknown-elf/lib/rv32imac/ilp32/libc_nano.a(lib_a-writer.o)
                0x0000000020011e74                _write_r
 .text._close_r
                0x0000000020011ea6       0x2e /home/jw/Desktop/riscv64-unknown-elf-toolchain-10.2.0-2020.12.8-x86_64-linux-ubuntu14/bin/../lib/gcc/riscv64-unknown-elf/10.2.0/../../../../riscv64-unknown-elf/lib/rv32imac/ilp32/libc_nano.a(lib_a-closer.o)
                0x0000000020011ea6                _close_r
 .text._fstat_r
                0x0000000020011ed4       0x30 /home/jw/Desktop/riscv64-unknown-elf-toolchain-10.2.0-2020.12.8-x86_64-linux-ubuntu14/bin/../lib/gcc/riscv64-unknown-elf/10.2.0/../../../../riscv64-unknown-elf/lib/rv32imac/ilp32/libc_nano.a(lib_a-fstatr.o)
                0x0000000020011ed4                _fstat_r
 .text._isatty_r
                0x0000000020011f04       0x2e /home/jw/Desktop/riscv64-unknown-elf-toolchain-10.2.0-2020.12.8-x86_64-linux-ubuntu14/bin/../lib/gcc/riscv64-unknown-elf/10.2.0/../../../../riscv64-unknown-elf/lib/rv32imac/ilp32/libc_nano.a(lib_a-isattyr.o)
                0x0000000020011f04                _isatty_r
 .text._lseek_r
                0x0000000020011f32       0x32 /home/jw/Desktop/riscv64-unknown-elf-toolchain-10.2.0-2020.12.8-x86_64-linux-ubuntu14/bin/../lib/gcc/riscv64-unknown-elf/10.2.0/../../../../riscv64-unknown-elf/lib/rv32imac/ilp32/libc_nano.a(lib_a-lseekr.o)
                0x0000000020011f32                _lseek_r
 .text.memchr   0x0000000020011f64       0x1a /home/jw/Desktop/riscv64-unknown-elf-toolchain-10.2.0-2020.12.8-x86_64-linux-ubuntu14/bin/../lib/gcc/riscv64-unknown-elf/10.2.0/../../../../riscv64-unknown-elf/lib/rv32imac/ilp32/libc_nano.a(lib_a-memchr.o)
                0x0000000020011f64                memchr
 .text.__malloc_lock
                0x0000000020011f7e        0x2 /home/jw/Desktop/riscv64-unknown-elf-toolchain-10.2.0-2020.12.8-x86_64-linux-ubuntu14/bin/../lib/gcc/riscv64-unknown-elf/10.2.0/../../../../riscv64-unknown-elf/lib/rv32imac/ilp32/libc_nano.a(lib_a-mlock.o)
                0x0000000020011f7e                __malloc_lock
 .text.__malloc_unlock
                0x0000000020011f80        0x2 /home/jw/Desktop/riscv64-unknown-elf-toolchain-10.2.0-2020.12.8-x86_64-linux-ubuntu14/bin/../lib/gcc/riscv64-unknown-elf/10.2.0/../../../../riscv64-unknown-elf/lib/rv32imac/ilp32/libc_nano.a(lib_a-mlock.o)
                0x0000000020011f80                __malloc_unlock
 .text._printf_common
                0x0000000020011f82      0x10c /home/jw/Desktop/riscv64-unknown-elf-toolchain-10.2.0-2020.12.8-x86_64-linux-ubuntu14/bin/../lib/gcc/riscv64-unknown-elf/10.2.0/../../../../riscv64-unknown-elf/lib/rv32imac/ilp32/libc_nano.a(lib_a-nano-vfprintf_i.o)
                0x0000000020011f82                _printf_common
 .text._printf_i
                0x000000002001208e      0x270 /home/jw/Desktop/riscv64-unknown-elf-toolchain-10.2.0-2020.12.8-x86_64-linux-ubuntu14/bin/../lib/gcc/riscv64-unknown-elf/10.2.0/../../../../riscv64-unknown-elf/lib/rv32imac/ilp32/libc_nano.a(lib_a-nano-vfprintf_i.o)
                0x000000002001208e                _printf_i
 .text._read_r  0x00000000200122fe       0x32 /home/jw/Desktop/riscv64-unknown-elf-toolchain-10.2.0-2020.12.8-x86_64-linux-ubuntu14/bin/../lib/gcc/riscv64-unknown-elf/10.2.0/../../../../riscv64-unknown-elf/lib/rv32imac/ilp32/libc_nano.a(lib_a-readr.o)
                0x00000000200122fe                _read_r
 .text._close   0x0000000020012330       0x22 /home/jw/Desktop/sifive-standalone-project/bsp/install/lib/debug//libmetal-gloss.a(sys_close.o)
                0x0000000020012330                _close
 .text._fstat   0x0000000020012352       0x26 /home/jw/Desktop/sifive-standalone-project/bsp/install/lib/debug//libmetal-gloss.a(sys_fstat.o)
                0x0000000020012352                _fstat
 .text._isatty  0x0000000020012378       0x20 /home/jw/Desktop/sifive-standalone-project/bsp/install/lib/debug//libmetal-gloss.a(sys_isatty.o)
                0x0000000020012378                _isatty
 .text._lseek   0x0000000020012398       0x2a /home/jw/Desktop/sifive-standalone-project/bsp/install/lib/debug//libmetal-gloss.a(sys_lseek.o)
                0x0000000020012398                _lseek
 .text._read    0x00000000200123c2       0x2a /home/jw/Desktop/sifive-standalone-project/bsp/install/lib/debug//libmetal-gloss.a(sys_read.o)
                0x00000000200123c2                _read
 .text._sbrk    0x00000000200123ec       0x7e /home/jw/Desktop/sifive-standalone-project/bsp/install/lib/debug//libmetal-gloss.a(sys_sbrk.o)
                0x00000000200123ec                _sbrk
 .text._write   0x000000002001246a       0x6e /home/jw/Desktop/sifive-standalone-project/bsp/install/lib/debug//libmetal-gloss.a(sys_write.o)
                0x000000002001246a                write
                0x000000002001246a                _write
 .text.atexit   0x00000000200124d8        0xa /home/jw/Desktop/riscv64-unknown-elf-toolchain-10.2.0-2020.12.8-x86_64-linux-ubuntu14/bin/../lib/gcc/riscv64-unknown-elf/10.2.0/../../../../riscv64-unknown-elf/lib/rv32imac/ilp32/libc_nano.a(lib_a-atexit.o)
                0x00000000200124d8                atexit
 .text.__errno  0x00000000200124e2        0xa /home/jw/Desktop/riscv64-unknown-elf-toolchain-10.2.0-2020.12.8-x86_64-linux-ubuntu14/bin/../lib/gcc/riscv64-unknown-elf/10.2.0/../../../../riscv64-unknown-elf/lib/rv32imac/ilp32/libc_nano.a(lib_a-errno.o)
                0x00000000200124e2                __errno
 .text.exit     0x00000000200124ec       0x2a /home/jw/Desktop/riscv64-unknown-elf-toolchain-10.2.0-2020.12.8-x86_64-linux-ubuntu14/bin/../lib/gcc/riscv64-unknown-elf/10.2.0/../../../../riscv64-unknown-elf/lib/rv32imac/ilp32/libc_nano.a(lib_a-exit.o)
                0x00000000200124ec                exit
 .text.__libc_fini_array
                0x0000000020012516       0x36 /home/jw/Desktop/riscv64-unknown-elf-toolchain-10.2.0-2020.12.8-x86_64-linux-ubuntu14/bin/../lib/gcc/riscv64-unknown-elf/10.2.0/../../../../riscv64-unknown-elf/lib/rv32imac/ilp32/libc_nano.a(lib_a-fini.o)
                0x0000000020012516                __libc_fini_array
 .text.__libc_init_array
                0x000000002001254c       0x5e /home/jw/Desktop/riscv64-unknown-elf-toolchain-10.2.0-2020.12.8-x86_64-linux-ubuntu14/bin/../lib/gcc/riscv64-unknown-elf/10.2.0/../../../../riscv64-unknown-elf/lib/rv32imac/ilp32/libc_nano.a(lib_a-init.o)
                0x000000002001254c                __libc_init_array
 .text.__register_exitproc
                0x00000000200125aa       0x7c /home/jw/Desktop/riscv64-unknown-elf-toolchain-10.2.0-2020.12.8-x86_64-linux-ubuntu14/bin/../lib/gcc/riscv64-unknown-elf/10.2.0/../../../../riscv64-unknown-elf/lib/rv32imac/ilp32/libc_nano.a(lib_a-__atexit.o)
                0x00000000200125aa                __register_exitproc
 .text.__call_exitprocs
                0x0000000020012626       0xc8 /home/jw/Desktop/riscv64-unknown-elf-toolchain-10.2.0-2020.12.8-x86_64-linux-ubuntu14/bin/../lib/gcc/riscv64-unknown-elf/10.2.0/../../../../riscv64-unknown-elf/lib/rv32imac/ilp32/libc_nano.a(lib_a-__call_atexit.o)
                0x0000000020012626                __call_exitprocs
 .text.metal_init
                0x00000000200126ee       0x78 /home/jw/Desktop/sifive-standalone-project/bsp/install/lib/debug//libmetal.a(init.o)
                0x00000000200126ee                metal_init
 .text.metal_fini
                0x0000000020012766       0x78 /home/jw/Desktop/sifive-standalone-project/bsp/install/lib/debug//libmetal.a(init.o)
                0x0000000020012766                metal_fini
 .text.metal_init_run
                0x00000000200127de       0x14 /home/jw/Desktop/sifive-standalone-project/bsp/install/lib/debug//libmetal.a(init.o)
                0x00000000200127de                metal_init_run
 .text.metal_fini_run
                0x00000000200127f2       0x14 /home/jw/Desktop/sifive-standalone-project/bsp/install/lib/debug//libmetal.a(init.o)
                0x00000000200127f2                metal_fini_run
 .text.metal_tty_putc
                0x0000000020012806       0x26 /home/jw/Desktop/sifive-standalone-project/bsp/install/lib/debug//libmetal.a(tty.o)
                0x0000000020012806                metal_tty_putc
 .text.metal_uart_init
                0x000000002001282c       0x2c /home/jw/Desktop/sifive-standalone-project/bsp/install/lib/debug//libmetal.a(uart.o)
                0x000000002001282c                metal_uart_init
 .text.metal_uart_putc
                0x0000000020012858       0x2e /home/jw/Desktop/sifive-standalone-project/bsp/install/lib/debug//libmetal.a(uart.o)
                0x0000000020012858                metal_uart_putc
 .text.metal_uart_set_baud_rate
                0x0000000020012886       0x2e /home/jw/Desktop/sifive-standalone-project/bsp/install/lib/debug//libmetal.a(uart.o)
                0x0000000020012886                metal_uart_set_baud_rate
 .text.__metal_driver_sifive_clint0_control_base
                0x00000000200128b4       0x2a /home/jw/Desktop/sifive-standalone-project/bsp/install/lib/debug//libmetal.a(riscv_clint0.o)
 .text.__metal_driver_sifive_clint0_num_interrupts
                0x00000000200128de       0x28 /home/jw/Desktop/sifive-standalone-project/bsp/install/lib/debug//libmetal.a(riscv_clint0.o)
 .text.__metal_driver_sifive_clint0_interrupt_parents
                0x0000000020012906       0x3c /home/jw/Desktop/sifive-standalone-project/bsp/install/lib/debug//libmetal.a(riscv_clint0.o)
 .text.__metal_driver_sifive_clint0_interrupt_lines
                0x0000000020012942       0x30 /home/jw/Desktop/sifive-standalone-project/bsp/install/lib/debug//libmetal.a(riscv_clint0.o)
 .text.__metal_clint0_mtime_get
                0x0000000020012972       0x9a /home/jw/Desktop/sifive-standalone-project/bsp/install/lib/debug//libmetal.a(riscv_clint0.o)
                0x0000000020012972                __metal_clint0_mtime_get
 .text.__metal_driver_riscv_clint0_mtimecmp_set
                0x0000000020012a0c       0x96 /home/jw/Desktop/sifive-standalone-project/bsp/install/lib/debug//libmetal.a(riscv_clint0.o)
                0x0000000020012a0c                __metal_driver_riscv_clint0_mtimecmp_set
 .text._get_cpu_intc
                0x0000000020012aa2       0x36 /home/jw/Desktop/sifive-standalone-project/bsp/install/lib/debug//libmetal.a(riscv_clint0.o)
 .text.__metal_driver_riscv_clint0_init
                0x0000000020012ad8       0x88 /home/jw/Desktop/sifive-standalone-project/bsp/install/lib/debug//libmetal.a(riscv_clint0.o)
                0x0000000020012ad8                __metal_driver_riscv_clint0_init
 .text.__metal_driver_riscv_clint0_register
                0x0000000020012b60       0xda /home/jw/Desktop/sifive-standalone-project/bsp/install/lib/debug//libmetal.a(riscv_clint0.o)
                0x0000000020012b60                __metal_driver_riscv_clint0_register
 .text.__metal_driver_riscv_clint0_vector_register
                0x0000000020012c3a       0x28 /home/jw/Desktop/sifive-standalone-project/bsp/install/lib/debug//libmetal.a(riscv_clint0.o)
                0x0000000020012c3a                __metal_driver_riscv_clint0_vector_register
 .text.__metal_driver_riscv_clint0_get_vector_mode
                0x0000000020012c62       0x1c /home/jw/Desktop/sifive-standalone-project/bsp/install/lib/debug//libmetal.a(riscv_clint0.o)
                0x0000000020012c62                __metal_driver_riscv_clint0_get_vector_mode
 .text.__metal_driver_riscv_clint0_set_vector_mode
                0x0000000020012c7e       0x58 /home/jw/Desktop/sifive-standalone-project/bsp/install/lib/debug//libmetal.a(riscv_clint0.o)
                0x0000000020012c7e                __metal_driver_riscv_clint0_set_vector_mode
 .text.__metal_driver_riscv_clint0_enable
                0x0000000020012cd6       0xb2 /home/jw/Desktop/sifive-standalone-project/bsp/install/lib/debug//libmetal.a(riscv_clint0.o)
                0x0000000020012cd6                __metal_driver_riscv_clint0_enable
 .text.__metal_driver_riscv_clint0_disable
                0x0000000020012d88       0xb2 /home/jw/Desktop/sifive-standalone-project/bsp/install/lib/debug//libmetal.a(riscv_clint0.o)
                0x0000000020012d88                __metal_driver_riscv_clint0_disable
 .text.__metal_driver_riscv_clint0_command_request
                0x0000000020012e3a      0x140 /home/jw/Desktop/sifive-standalone-project/bsp/install/lib/debug//libmetal.a(riscv_clint0.o)
                0x0000000020012e3a                __metal_driver_riscv_clint0_command_request
 .text.__metal_driver_riscv_clint0_clear_interrupt
                0x0000000020012f7a       0x34 /home/jw/Desktop/sifive-standalone-project/bsp/install/lib/debug//libmetal.a(riscv_clint0.o)
                0x0000000020012f7a                __metal_driver_riscv_clint0_clear_interrupt
 .text.__metal_driver_riscv_clint0_set_interrupt
                0x0000000020012fae       0x34 /home/jw/Desktop/sifive-standalone-project/bsp/install/lib/debug//libmetal.a(riscv_clint0.o)
                0x0000000020012fae                __metal_driver_riscv_clint0_set_interrupt
 .text.__metal_driver_cpu_hartid
                0x0000000020012fe2       0x24 /home/jw/Desktop/sifive-standalone-project/bsp/install/lib/debug//libmetal.a(riscv_cpu.o)
 .text.__metal_driver_cpu_timebase
                0x0000000020013006       0x2a /home/jw/Desktop/sifive-standalone-project/bsp/install/lib/debug//libmetal.a(riscv_cpu.o)
 .text.__metal_driver_cpu_interrupt_controller
                0x0000000020013030       0x2a /home/jw/Desktop/sifive-standalone-project/bsp/install/lib/debug//libmetal.a(riscv_cpu.o)
 .text.__metal_driver_cpu_buserror
                0x000000002001305a       0x24 /home/jw/Desktop/sifive-standalone-project/bsp/install/lib/debug//libmetal.a(riscv_cpu.o)
 .text.__metal_driver_cpu_get
                0x000000002001307e       0x30 /home/jw/Desktop/sifive-standalone-project/bsp/install/lib/debug//libmetal.a(riscv_cpu.o)
                0x000000002001307e                __metal_driver_cpu_get
 .text.__metal_myhart_id
                0x00000000200130ae       0x1a /home/jw/Desktop/sifive-standalone-project/bsp/install/lib/debug//libmetal.a(riscv_cpu.o)
                0x00000000200130ae                __metal_myhart_id
 .text.__metal_interrupt_global_enable
                0x00000000200130c8       0x18 /home/jw/Desktop/sifive-standalone-project/bsp/install/lib/debug//libmetal.a(riscv_cpu.o)
                0x00000000200130c8                __metal_interrupt_global_enable
 .text.__metal_interrupt_global_disable
                0x00000000200130e0       0x18 /home/jw/Desktop/sifive-standalone-project/bsp/install/lib/debug//libmetal.a(riscv_cpu.o)
                0x00000000200130e0                __metal_interrupt_global_disable
 .text.__metal_interrupt_software_enable
                0x00000000200130f8       0x18 /home/jw/Desktop/sifive-standalone-project/bsp/install/lib/debug//libmetal.a(riscv_cpu.o)
                0x00000000200130f8                __metal_interrupt_software_enable
 .text.__metal_interrupt_software_disable
                0x0000000020013110       0x18 /home/jw/Desktop/sifive-standalone-project/bsp/install/lib/debug//libmetal.a(riscv_cpu.o)
                0x0000000020013110                __metal_interrupt_software_disable
 .text.__metal_interrupt_timer_enable
                0x0000000020013128       0x1a /home/jw/Desktop/sifive-standalone-project/bsp/install/lib/debug//libmetal.a(riscv_cpu.o)
                0x0000000020013128                __metal_interrupt_timer_enable
 .text.__metal_interrupt_timer_disable
                0x0000000020013142       0x1a /home/jw/Desktop/sifive-standalone-project/bsp/install/lib/debug//libmetal.a(riscv_cpu.o)
                0x0000000020013142                __metal_interrupt_timer_disable
 .text.__metal_interrupt_external_enable
                0x000000002001315c       0x1c /home/jw/Desktop/sifive-standalone-project/bsp/install/lib/debug//libmetal.a(riscv_cpu.o)
                0x000000002001315c                __metal_interrupt_external_enable
 .text.__metal_interrupt_external_disable
                0x0000000020013178       0x1c /home/jw/Desktop/sifive-standalone-project/bsp/install/lib/debug//libmetal.a(riscv_cpu.o)
                0x0000000020013178                __metal_interrupt_external_disable
 .text.__metal_interrupt_local_enable
                0x0000000020013194       0x2c /home/jw/Desktop/sifive-standalone-project/bsp/install/lib/debug//libmetal.a(riscv_cpu.o)
                0x0000000020013194                __metal_interrupt_local_enable
 .text.__metal_interrupt_local_disable
                0x00000000200131c0       0x2c /home/jw/Desktop/sifive-standalone-project/bsp/install/lib/debug//libmetal.a(riscv_cpu.o)
                0x00000000200131c0                __metal_interrupt_local_disable
 .text.__metal_default_exception_handler
                0x00000000200131ec       0x18 /home/jw/Desktop/sifive-standalone-project/bsp/install/lib/debug//libmetal.a(riscv_cpu.o)
                0x00000000200131ec                __metal_default_exception_handler
 .text.__metal_default_interrupt_handler
                0x0000000020013204       0x18 /home/jw/Desktop/sifive-standalone-project/bsp/install/lib/debug//libmetal.a(riscv_cpu.o)
                0x0000000020013204                __metal_default_interrupt_handler
 .text.metal_interrupt_vector_handler
                0x000000002001321c       0x2e /home/jw/Desktop/sifive-standalone-project/bsp/install/lib/debug//libmetal.a(riscv_cpu.o)
                0x000000002001321c                metal_interrupt_vector_handler
 .text.metal_software_interrupt_vector_handler
                0x000000002001324a       0x92 /home/jw/Desktop/sifive-standalone-project/bsp/install/lib/debug//libmetal.a(riscv_cpu.o)
                0x000000002001324a                metal_software_interrupt_vector_handler
 .text.__metal_default_sw_handler
                0x00000000200132dc       0x68 /home/jw/Desktop/sifive-standalone-project/bsp/install/lib/debug//libmetal.a(riscv_cpu.o)
                0x00000000200132dc                __metal_default_sw_handler
 .text.metal_timer_interrupt_vector_handler
                0x0000000020013344       0x92 /home/jw/Desktop/sifive-standalone-project/bsp/install/lib/debug//libmetal.a(riscv_cpu.o)
                0x0000000020013344                metal_timer_interrupt_vector_handler
 .text.__metal_default_beu_handler
                0x00000000200133d6       0x16 /home/jw/Desktop/sifive-standalone-project/bsp/install/lib/debug//libmetal.a(riscv_cpu.o)
                0x00000000200133d6                __metal_default_beu_handler
 .text.__metal_default_timer_handler
                0x00000000200133ec       0x66 /home/jw/Desktop/sifive-standalone-project/bsp/install/lib/debug//libmetal.a(riscv_cpu.o)
                0x00000000200133ec                __metal_default_timer_handler
 *fill*         0x0000000020013452       0x2e 
 .text.__metal_exception_handler
                0x0000000020013480      0x1f8 /home/jw/Desktop/sifive-standalone-project/bsp/install/lib/debug//libmetal.a(riscv_cpu.o)
                0x0000000020013480                __metal_exception_handler
 .text.metal_lc0_interrupt_vector_handler
                0x0000000020013678       0x96 /home/jw/Desktop/sifive-standalone-project/bsp/install/lib/debug//libmetal.a(riscv_cpu.o)
                0x0000000020013678                metal_lc0_interrupt_vector_handler
 .text.metal_lc1_interrupt_vector_handler
                0x000000002001370e       0x96 /home/jw/Desktop/sifive-standalone-project/bsp/install/lib/debug//libmetal.a(riscv_cpu.o)
                0x000000002001370e                metal_lc1_interrupt_vector_handler
 .text.metal_lc2_interrupt_vector_handler
                0x00000000200137a4       0x96 /home/jw/Desktop/sifive-standalone-project/bsp/install/lib/debug//libmetal.a(riscv_cpu.o)
                0x00000000200137a4                metal_lc2_interrupt_vector_handler
 .text.metal_lc3_interrupt_vector_handler
                0x000000002001383a       0x96 /home/jw/Desktop/sifive-standalone-project/bsp/install/lib/debug//libmetal.a(riscv_cpu.o)
                0x000000002001383a                metal_lc3_interrupt_vector_handler
 .text.metal_lc4_interrupt_vector_handler
                0x00000000200138d0       0x96 /home/jw/Desktop/sifive-standalone-project/bsp/install/lib/debug//libmetal.a(riscv_cpu.o)
                0x00000000200138d0                metal_lc4_interrupt_vector_handler
 .text.metal_lc5_interrupt_vector_handler
                0x0000000020013966       0x96 /home/jw/Desktop/sifive-standalone-project/bsp/install/lib/debug//libmetal.a(riscv_cpu.o)
                0x0000000020013966                metal_lc5_interrupt_vector_handler
 .text.metal_lc6_interrupt_vector_handler
                0x00000000200139fc       0x96 /home/jw/Desktop/sifive-standalone-project/bsp/install/lib/debug//libmetal.a(riscv_cpu.o)
                0x00000000200139fc                metal_lc6_interrupt_vector_handler
 .text.metal_lc7_interrupt_vector_handler
                0x0000000020013a92       0x96 /home/jw/Desktop/sifive-standalone-project/bsp/install/lib/debug//libmetal.a(riscv_cpu.o)
                0x0000000020013a92                metal_lc7_interrupt_vector_handler
 .text.metal_lc8_interrupt_vector_handler
                0x0000000020013b28       0x96 /home/jw/Desktop/sifive-standalone-project/bsp/install/lib/debug//libmetal.a(riscv_cpu.o)
                0x0000000020013b28                metal_lc8_interrupt_vector_handler
 .text.metal_lc9_interrupt_vector_handler
                0x0000000020013bbe       0x96 /home/jw/Desktop/sifive-standalone-project/bsp/install/lib/debug//libmetal.a(riscv_cpu.o)
                0x0000000020013bbe                metal_lc9_interrupt_vector_handler
 .text.metal_lc10_interrupt_vector_handler
                0x0000000020013c54       0x96 /home/jw/Desktop/sifive-standalone-project/bsp/install/lib/debug//libmetal.a(riscv_cpu.o)
                0x0000000020013c54                metal_lc10_interrupt_vector_handler
 .text.metal_lc11_interrupt_vector_handler
                0x0000000020013cea       0x96 /home/jw/Desktop/sifive-standalone-project/bsp/install/lib/debug//libmetal.a(riscv_cpu.o)
                0x0000000020013cea                metal_lc11_interrupt_vector_handler
 .text.metal_lc12_interrupt_vector_handler
                0x0000000020013d80       0x96 /home/jw/Desktop/sifive-standalone-project/bsp/install/lib/debug//libmetal.a(riscv_cpu.o)
                0x0000000020013d80                metal_lc12_interrupt_vector_handler
 .text.metal_lc13_interrupt_vector_handler
                0x0000000020013e16       0x96 /home/jw/Desktop/sifive-standalone-project/bsp/install/lib/debug//libmetal.a(riscv_cpu.o)
                0x0000000020013e16                metal_lc13_interrupt_vector_handler
 .text.metal_lc14_interrupt_vector_handler
                0x0000000020013eac       0x96 /home/jw/Desktop/sifive-standalone-project/bsp/install/lib/debug//libmetal.a(riscv_cpu.o)
                0x0000000020013eac                metal_lc14_interrupt_vector_handler
 .text.metal_lc15_interrupt_vector_handler
                0x0000000020013f42       0x96 /home/jw/Desktop/sifive-standalone-project/bsp/install/lib/debug//libmetal.a(riscv_cpu.o)
                0x0000000020013f42                metal_lc15_interrupt_vector_handler
 .text.__metal_controller_interrupt_vector_mode
                0x0000000020013fd8       0x58 /home/jw/Desktop/sifive-standalone-project/bsp/install/lib/debug//libmetal.a(riscv_cpu.o)
                0x0000000020013fd8                __metal_controller_interrupt_vector_mode
 .text.__metal_controller_interrupt_vector
                0x0000000020014030       0xb2 /home/jw/Desktop/sifive-standalone-project/bsp/install/lib/debug//libmetal.a(riscv_cpu.o)
                0x0000000020014030                __metal_controller_interrupt_vector
 .text.__metal_valid_interrupt_id
                0x00000000200140e2       0x58 /home/jw/Desktop/sifive-standalone-project/bsp/install/lib/debug//libmetal.a(riscv_cpu.o)
                0x00000000200140e2                __metal_valid_interrupt_id
 .text.__metal_local_interrupt_enable
                0x000000002001413a       0xbc /home/jw/Desktop/sifive-standalone-project/bsp/install/lib/debug//libmetal.a(riscv_cpu.o)
                0x000000002001413a                __metal_local_interrupt_enable
 .text.__metal_exception_register
                0x00000000200141f6       0x4e /home/jw/Desktop/sifive-standalone-project/bsp/install/lib/debug//libmetal.a(riscv_cpu.o)
                0x00000000200141f6                __metal_exception_register
 .text.__metal_driver_riscv_cpu_controller_interrupt_init
                0x0000000020014244       0xe2 /home/jw/Desktop/sifive-standalone-project/bsp/install/lib/debug//libmetal.a(riscv_cpu.o)
                0x0000000020014244                __metal_driver_riscv_cpu_controller_interrupt_init
 .text.__metal_driver_riscv_cpu_controller_interrupt_register
                0x0000000020014326      0x1e0 /home/jw/Desktop/sifive-standalone-project/bsp/install/lib/debug//libmetal.a(riscv_cpu.o)
                0x0000000020014326                __metal_driver_riscv_cpu_controller_interrupt_register
 .text.__metal_driver_riscv_cpu_controller_interrupt_enable
                0x0000000020014506       0x2c /home/jw/Desktop/sifive-standalone-project/bsp/install/lib/debug//libmetal.a(riscv_cpu.o)
                0x0000000020014506                __metal_driver_riscv_cpu_controller_interrupt_enable
 .text.__metal_driver_riscv_cpu_controller_interrupt_disable
                0x0000000020014532       0x2c /home/jw/Desktop/sifive-standalone-project/bsp/install/lib/debug//libmetal.a(riscv_cpu.o)
                0x0000000020014532                __metal_driver_riscv_cpu_controller_interrupt_disable
 .text.__metal_driver_riscv_cpu_controller_get_vector_mode
                0x000000002001455e       0x1c /home/jw/Desktop/sifive-standalone-project/bsp/install/lib/debug//libmetal.a(riscv_cpu.o)
                0x000000002001455e                __metal_driver_riscv_cpu_controller_get_vector_mode
 .text.__metal_driver_riscv_cpu_controller_set_vector_mode
                0x000000002001457a       0x54 /home/jw/Desktop/sifive-standalone-project/bsp/install/lib/debug//libmetal.a(riscv_cpu.o)
                0x000000002001457a                __metal_driver_riscv_cpu_controller_set_vector_mode
 .text.__metal_driver_riscv_cpu_controller_command_request
                0x00000000200145ce       0x1c /home/jw/Desktop/sifive-standalone-project/bsp/install/lib/debug//libmetal.a(riscv_cpu.o)
                0x00000000200145ce                __metal_driver_riscv_cpu_controller_command_request
 .text.__metal_driver_cpu_mcycle_get
                0x00000000200145ea       0x70 /home/jw/Desktop/sifive-standalone-project/bsp/install/lib/debug//libmetal.a(riscv_cpu.o)
                0x00000000200145ea                __metal_driver_cpu_mcycle_get
 .text.__metal_driver_cpu_timebase_get
                0x000000002001465a       0x46 /home/jw/Desktop/sifive-standalone-project/bsp/install/lib/debug//libmetal.a(riscv_cpu.o)
                0x000000002001465a                __metal_driver_cpu_timebase_get
 .text.__metal_driver_cpu_mtime_get
                0x00000000200146a0       0x66 /home/jw/Desktop/sifive-standalone-project/bsp/install/lib/debug//libmetal.a(riscv_cpu.o)
                0x00000000200146a0                __metal_driver_cpu_mtime_get
 .text.__metal_driver_cpu_mtimecmp_set
                0x0000000020014706       0x76 /home/jw/Desktop/sifive-standalone-project/bsp/install/lib/debug//libmetal.a(riscv_cpu.o)
                0x0000000020014706                __metal_driver_cpu_mtimecmp_set
 .text.__metal_driver_cpu_timer_controller_interrupt
                0x000000002001477c       0x1a /home/jw/Desktop/sifive-standalone-project/bsp/install/lib/debug//libmetal.a(riscv_cpu.o)
                0x000000002001477c                __metal_driver_cpu_timer_controller_interrupt
 .text.__metal_driver_cpu_get_timer_interrupt_id
                0x0000000020014796       0x14 /home/jw/Desktop/sifive-standalone-project/bsp/install/lib/debug//libmetal.a(riscv_cpu.o)
                0x0000000020014796                __metal_driver_cpu_get_timer_interrupt_id
 .text.__metal_driver_cpu_sw_controller_interrupt
                0x00000000200147aa       0x1a /home/jw/Desktop/sifive-standalone-project/bsp/install/lib/debug//libmetal.a(riscv_cpu.o)
                0x00000000200147aa                __metal_driver_cpu_sw_controller_interrupt
 .text.__metal_driver_cpu_get_sw_interrupt_id
                0x00000000200147c4       0x14 /home/jw/Desktop/sifive-standalone-project/bsp/install/lib/debug//libmetal.a(riscv_cpu.o)
                0x00000000200147c4                __metal_driver_cpu_get_sw_interrupt_id
 .text.__metal_driver_cpu_set_sw_ipi
                0x00000000200147d8       0x62 /home/jw/Desktop/sifive-standalone-project/bsp/install/lib/debug//libmetal.a(riscv_cpu.o)
                0x00000000200147d8                __metal_driver_cpu_set_sw_ipi
 .text.__metal_driver_cpu_clear_sw_ipi
                0x000000002001483a       0x62 /home/jw/Desktop/sifive-standalone-project/bsp/install/lib/debug//libmetal.a(riscv_cpu.o)
                0x000000002001483a                __metal_driver_cpu_clear_sw_ipi
 .text.__metal_driver_cpu_get_msip
                0x000000002001489c       0x60 /home/jw/Desktop/sifive-standalone-project/bsp/install/lib/debug//libmetal.a(riscv_cpu.o)
                0x000000002001489c                __metal_driver_cpu_get_msip
 .text.__metal_driver_cpu_controller_interrupt
                0x00000000200148fc       0x20 /home/jw/Desktop/sifive-standalone-project/bsp/install/lib/debug//libmetal.a(riscv_cpu.o)
                0x00000000200148fc                __metal_driver_cpu_controller_interrupt
 .text.__metal_driver_cpu_exception_register
                0x000000002001491c       0x46 /home/jw/Desktop/sifive-standalone-project/bsp/install/lib/debug//libmetal.a(riscv_cpu.o)
                0x000000002001491c                __metal_driver_cpu_exception_register
 .text.__metal_driver_cpu_get_instruction_length
                0x0000000020014962       0x2e /home/jw/Desktop/sifive-standalone-project/bsp/install/lib/debug//libmetal.a(riscv_cpu.o)
                0x0000000020014962                __metal_driver_cpu_get_instruction_length
 .text.__metal_driver_cpu_get_exception_pc
                0x0000000020014990       0x1e /home/jw/Desktop/sifive-standalone-project/bsp/install/lib/debug//libmetal.a(riscv_cpu.o)
                0x0000000020014990                __metal_driver_cpu_get_exception_pc
 .text.__metal_driver_cpu_set_exception_pc
                0x00000000200149ae       0x20 /home/jw/Desktop/sifive-standalone-project/bsp/install/lib/debug//libmetal.a(riscv_cpu.o)
                0x00000000200149ae                __metal_driver_cpu_set_exception_pc
 .text.__metal_driver_cpu_get_buserror
                0x00000000200149ce       0x20 /home/jw/Desktop/sifive-standalone-project/bsp/install/lib/debug//libmetal.a(riscv_cpu.o)
                0x00000000200149ce                __metal_driver_cpu_get_buserror
 .text.__metal_driver_sifive_plic0_control_base
                0x00000000200149ee       0x2a /home/jw/Desktop/sifive-standalone-project/bsp/install/lib/debug//libmetal.a(riscv_plic0.o)
 .text.__metal_driver_sifive_plic0_num_interrupts
                0x0000000020014a18       0x2a /home/jw/Desktop/sifive-standalone-project/bsp/install/lib/debug//libmetal.a(riscv_plic0.o)
 .text.__metal_driver_sifive_plic0_max_priority
                0x0000000020014a42       0x28 /home/jw/Desktop/sifive-standalone-project/bsp/install/lib/debug//libmetal.a(riscv_plic0.o)
 .text.__metal_driver_sifive_plic0_interrupt_parents
                0x0000000020014a6a       0x28 /home/jw/Desktop/sifive-standalone-project/bsp/install/lib/debug//libmetal.a(riscv_plic0.o)
 .text.__metal_driver_sifive_plic0_interrupt_lines
                0x0000000020014a92       0x22 /home/jw/Desktop/sifive-standalone-project/bsp/install/lib/debug//libmetal.a(riscv_plic0.o)
 .text.__metal_driver_sifive_plic0_context_ids
                0x0000000020014ab4       0x1e /home/jw/Desktop/sifive-standalone-project/bsp/install/lib/debug//libmetal.a(riscv_plic0.o)
 .text.__metal_plic0_claim_interrupt
                0x0000000020014ad2       0x3c /home/jw/Desktop/sifive-standalone-project/bsp/install/lib/debug//libmetal.a(riscv_plic0.o)
                0x0000000020014ad2                __metal_plic0_claim_interrupt
 .text.__metal_plic0_complete_interrupt
                0x0000000020014b0e       0x46 /home/jw/Desktop/sifive-standalone-project/bsp/install/lib/debug//libmetal.a(riscv_plic0.o)
                0x0000000020014b0e                __metal_plic0_complete_interrupt
 .text.__metal_plic0_set_threshold
                0x0000000020014b54       0x46 /home/jw/Desktop/sifive-standalone-project/bsp/install/lib/debug//libmetal.a(riscv_plic0.o)
                0x0000000020014b54                __metal_plic0_set_threshold
 .text.__metal_plic0_get_threshold
                0x0000000020014b9a       0x3a /home/jw/Desktop/sifive-standalone-project/bsp/install/lib/debug//libmetal.a(riscv_plic0.o)
                0x0000000020014b9a                __metal_plic0_get_threshold
 .text.__metal_driver_riscv_plic0_set_priority
                0x0000000020014bd4       0x62 /home/jw/Desktop/sifive-standalone-project/bsp/install/lib/debug//libmetal.a(riscv_plic0.o)
                0x0000000020014bd4                __metal_driver_riscv_plic0_set_priority
 .text.__metal_driver_riscv_plic0_get_priority
                0x0000000020014c36       0x34 /home/jw/Desktop/sifive-standalone-project/bsp/install/lib/debug//libmetal.a(riscv_plic0.o)
                0x0000000020014c36                __metal_driver_riscv_plic0_get_priority
 .text.__metal_plic0_enable
                0x0000000020014c6a       0xa2 /home/jw/Desktop/sifive-standalone-project/bsp/install/lib/debug//libmetal.a(riscv_plic0.o)
                0x0000000020014c6a                __metal_plic0_enable
 .text.__metal_plic0_default_handler
                0x0000000020014d0c       0x18 /home/jw/Desktop/sifive-standalone-project/bsp/install/lib/debug//libmetal.a(riscv_plic0.o)
                0x0000000020014d0c                __metal_plic0_default_handler
 .text.__metal_plic0_handler
                0x0000000020014d24       0xa4 /home/jw/Desktop/sifive-standalone-project/bsp/install/lib/debug//libmetal.a(riscv_plic0.o)
                0x0000000020014d24                __metal_plic0_handler
 .text.__metal_driver_riscv_plic0_init
                0x0000000020014dc8      0x158 /home/jw/Desktop/sifive-standalone-project/bsp/install/lib/debug//libmetal.a(riscv_plic0.o)
                0x0000000020014dc8                __metal_driver_riscv_plic0_init
 .text.__metal_driver_riscv_plic0_register
                0x0000000020014f20       0xc2 /home/jw/Desktop/sifive-standalone-project/bsp/install/lib/debug//libmetal.a(riscv_plic0.o)
                0x0000000020014f20                __metal_driver_riscv_plic0_register
 .text.__metal_driver_riscv_plic0_enable
                0x0000000020014fe2       0x50 /home/jw/Desktop/sifive-standalone-project/bsp/install/lib/debug//libmetal.a(riscv_plic0.o)
                0x0000000020014fe2                __metal_driver_riscv_plic0_enable
 .text.__metal_driver_riscv_plic0_disable
                0x0000000020015032       0x50 /home/jw/Desktop/sifive-standalone-project/bsp/install/lib/debug//libmetal.a(riscv_plic0.o)
                0x0000000020015032                __metal_driver_riscv_plic0_disable
 .text.__metal_driver_riscv_plic0_set_threshold
                0x0000000020015082       0x30 /home/jw/Desktop/sifive-standalone-project/bsp/install/lib/debug//libmetal.a(riscv_plic0.o)
                0x0000000020015082                __metal_driver_riscv_plic0_set_threshold
 .text.__metal_driver_riscv_plic0_get_threshold
                0x00000000200150b2       0x28 /home/jw/Desktop/sifive-standalone-project/bsp/install/lib/debug//libmetal.a(riscv_plic0.o)
                0x00000000200150b2                __metal_driver_riscv_plic0_get_threshold
 .text.__metal_driver_riscv_plic0_affinity_enable
                0x00000000200150da       0x9c /home/jw/Desktop/sifive-standalone-project/bsp/install/lib/debug//libmetal.a(riscv_plic0.o)
                0x00000000200150da                __metal_driver_riscv_plic0_affinity_enable
 .text.__metal_driver_riscv_plic0_affinity_disable
                0x0000000020015176       0x9c /home/jw/Desktop/sifive-standalone-project/bsp/install/lib/debug//libmetal.a(riscv_plic0.o)
                0x0000000020015176                __metal_driver_riscv_plic0_affinity_disable
 .text.__metal_driver_riscv_plic0_affinity_set_threshold
                0x0000000020015212       0x74 /home/jw/Desktop/sifive-standalone-project/bsp/install/lib/debug//libmetal.a(riscv_plic0.o)
                0x0000000020015212                __metal_driver_riscv_plic0_affinity_set_threshold
 .text.__metal_driver_riscv_plic0_affinity_get_threshold
                0x0000000020015286       0x28 /home/jw/Desktop/sifive-standalone-project/bsp/install/lib/debug//libmetal.a(riscv_plic0.o)
                0x0000000020015286                __metal_driver_riscv_plic0_affinity_get_threshold
 .text.__metal_driver_sifive_fe310_g000_hfrosc_ref
                0x00000000200152ae       0x1a /home/jw/Desktop/sifive-standalone-project/bsp/install/lib/debug//libmetal.a(sifive_fe310-g000_hfrosc.o)
 .text.__metal_driver_sifive_fe310_g000_hfrosc_config_base
                0x00000000200152c8       0x16 /home/jw/Desktop/sifive-standalone-project/bsp/install/lib/debug//libmetal.a(sifive_fe310-g000_hfrosc.o)
 .text.__metal_driver_sifive_fe310_g000_hfrosc_config_offset
                0x00000000200152de       0x14 /home/jw/Desktop/sifive-standalone-project/bsp/install/lib/debug//libmetal.a(sifive_fe310-g000_hfrosc.o)
 .text.__metal_driver_sifive_fe310_g000_prci_vtable
                0x00000000200152f2       0x16 /home/jw/Desktop/sifive-standalone-project/bsp/install/lib/debug//libmetal.a(sifive_fe310-g000_hfrosc.o)
 .text.__metal_driver_sifive_fe310_g000_hfrosc_get_rate_hz
                0x0000000020015308       0x84 /home/jw/Desktop/sifive-standalone-project/bsp/install/lib/debug//libmetal.a(sifive_fe310-g000_hfrosc.o)
                0x0000000020015308                __metal_driver_sifive_fe310_g000_hfrosc_get_rate_hz
 .text.__metal_driver_sifive_fe310_g000_hfrosc_set_rate_hz
                0x000000002001538c       0x22 /home/jw/Desktop/sifive-standalone-project/bsp/install/lib/debug//libmetal.a(sifive_fe310-g000_hfrosc.o)
                0x000000002001538c                __metal_driver_sifive_fe310_g000_hfrosc_set_rate_hz
 .text.__metal_driver_sifive_fe310_g000_hfxosc_ref
                0x00000000200153ae       0x1a /home/jw/Desktop/sifive-standalone-project/bsp/install/lib/debug//libmetal.a(sifive_fe310-g000_hfxosc.o)
 .text.__metal_driver_sifive_fe310_g000_hfxosc_config_base
                0x00000000200153c8       0x16 /home/jw/Desktop/sifive-standalone-project/bsp/install/lib/debug//libmetal.a(sifive_fe310-g000_hfxosc.o)
 .text.__metal_driver_sifive_fe310_g000_hfxosc_config_offset
                0x00000000200153de       0x14 /home/jw/Desktop/sifive-standalone-project/bsp/install/lib/debug//libmetal.a(sifive_fe310-g000_hfxosc.o)
 .text.__metal_driver_sifive_fe310_g000_prci_vtable
                0x00000000200153f2       0x16 /home/jw/Desktop/sifive-standalone-project/bsp/install/lib/debug//libmetal.a(sifive_fe310-g000_hfxosc.o)
 .text.__metal_driver_sifive_fe310_g000_hfxosc_get_rate_hz
                0x0000000020015408       0x74 /home/jw/Desktop/sifive-standalone-project/bsp/install/lib/debug//libmetal.a(sifive_fe310-g000_hfxosc.o)
                0x0000000020015408                __metal_driver_sifive_fe310_g000_hfxosc_get_rate_hz
 .text.__metal_driver_sifive_fe310_g000_hfxosc_set_rate_hz
                0x000000002001547c       0x22 /home/jw/Desktop/sifive-standalone-project/bsp/install/lib/debug//libmetal.a(sifive_fe310-g000_hfxosc.o)
                0x000000002001547c                __metal_driver_sifive_fe310_g000_hfxosc_set_rate_hz
 .text.__metal_driver_sifive_fe310_g000_pll_pllsel0
                0x000000002001549e       0x1a /home/jw/Desktop/sifive-standalone-project/bsp/install/lib/debug//libmetal.a(sifive_fe310-g000_pll.o)
 .text.__metal_driver_sifive_fe310_g000_pll_pllref
                0x00000000200154b8       0x1a /home/jw/Desktop/sifive-standalone-project/bsp/install/lib/debug//libmetal.a(sifive_fe310-g000_pll.o)
 .text.__metal_driver_sifive_fe310_g000_pll_divider_base
                0x00000000200154d2       0x16 /home/jw/Desktop/sifive-standalone-project/bsp/install/lib/debug//libmetal.a(sifive_fe310-g000_pll.o)
 .text.__metal_driver_sifive_fe310_g000_pll_divider_offset
                0x00000000200154e8       0x14 /home/jw/Desktop/sifive-standalone-project/bsp/install/lib/debug//libmetal.a(sifive_fe310-g000_pll.o)
 .text.__metal_driver_sifive_fe310_g000_pll_config_base
                0x00000000200154fc       0x12 /home/jw/Desktop/sifive-standalone-project/bsp/install/lib/debug//libmetal.a(sifive_fe310-g000_pll.o)
 .text.__metal_driver_sifive_fe310_g000_pll_config_offset
                0x000000002001550e       0x10 /home/jw/Desktop/sifive-standalone-project/bsp/install/lib/debug//libmetal.a(sifive_fe310-g000_pll.o)
 .text.__metal_driver_sifive_fe310_g000_pll_init_rate
                0x000000002001551e       0x16 /home/jw/Desktop/sifive-standalone-project/bsp/install/lib/debug//libmetal.a(sifive_fe310-g000_pll.o)
 .text.__metal_driver_sifive_fe310_g000_prci_base
                0x0000000020015534       0x12 /home/jw/Desktop/sifive-standalone-project/bsp/install/lib/debug//libmetal.a(sifive_fe310-g000_pll.o)
 .text.__metal_driver_sifive_fe310_g000_prci_vtable
                0x0000000020015546       0x16 /home/jw/Desktop/sifive-standalone-project/bsp/install/lib/debug//libmetal.a(sifive_fe310-g000_pll.o)
 .text.get_pll_config_freq
                0x000000002001555c       0x4e /home/jw/Desktop/sifive-standalone-project/bsp/install/lib/debug//libmetal.a(sifive_fe310-g000_pll.o)
 .text.__metal_driver_sifive_fe310_g000_pll_init
                0x00000000200155aa       0xa4 /home/jw/Desktop/sifive-standalone-project/bsp/install/lib/debug//libmetal.a(sifive_fe310-g000_pll.o)
                0x00000000200155aa                __metal_driver_sifive_fe310_g000_pll_init
 .text.__metal_driver_sifive_fe310_g000_pll_get_rate_hz
                0x000000002001564e      0x170 /home/jw/Desktop/sifive-standalone-project/bsp/install/lib/debug//libmetal.a(sifive_fe310-g000_pll.o)
                0x000000002001564e                __metal_driver_sifive_fe310_g000_pll_get_rate_hz
 .text.find_closest_config
                0x00000000200157be       0xac /home/jw/Desktop/sifive-standalone-project/bsp/install/lib/debug//libmetal.a(sifive_fe310-g000_pll.o)
 .text.configure_pll
                0x000000002001586a      0x1b0 /home/jw/Desktop/sifive-standalone-project/bsp/install/lib/debug//libmetal.a(sifive_fe310-g000_pll.o)
 .text.__metal_driver_sifive_fe310_g000_pll_set_rate_hz
                0x0000000020015a1a      0x166 /home/jw/Desktop/sifive-standalone-project/bsp/install/lib/debug//libmetal.a(sifive_fe310-g000_pll.o)
                0x0000000020015a1a                __metal_driver_sifive_fe310_g000_pll_set_rate_hz
 .text.__metal_driver_sifive_fe310_g000_prci_base
                0x0000000020015b80       0x12 /home/jw/Desktop/sifive-standalone-project/bsp/install/lib/debug//libmetal.a(sifive_fe310-g000_prci.o)
 .text.__metal_driver_sifive_fe310_g000_prci_get_reg
                0x0000000020015b92       0x2e /home/jw/Desktop/sifive-standalone-project/bsp/install/lib/debug//libmetal.a(sifive_fe310-g000_prci.o)
                0x0000000020015b92                __metal_driver_sifive_fe310_g000_prci_get_reg
 .text.__metal_driver_sifive_fe310_g000_prci_set_reg
                0x0000000020015bc0       0x38 /home/jw/Desktop/sifive-standalone-project/bsp/install/lib/debug//libmetal.a(sifive_fe310-g000_prci.o)
                0x0000000020015bc0                __metal_driver_sifive_fe310_g000_prci_set_reg
 .text.__metal_driver_sifive_gpio0_base
                0x0000000020015bf8       0x26 /home/jw/Desktop/sifive-standalone-project/bsp/install/lib/debug//libmetal.a(sifive_gpio0.o)
 .text.__metal_driver_sifive_gpio0_interrupt_parent
                0x0000000020015c1e       0x2a /home/jw/Desktop/sifive-standalone-project/bsp/install/lib/debug//libmetal.a(sifive_gpio0.o)
 .text.__metal_driver_sifive_gpio0_interrupt_lines
                0x0000000020015c48      0x35e /home/jw/Desktop/sifive-standalone-project/bsp/install/lib/debug//libmetal.a(sifive_gpio0.o)
 .text.__metal_driver_sifive_gpio0_enable_input
                0x0000000020015fa6       0x40 /home/jw/Desktop/sifive-standalone-project/bsp/install/lib/debug//libmetal.a(sifive_gpio0.o)
                0x0000000020015fa6                __metal_driver_sifive_gpio0_enable_input
 .text.__metal_driver_sifive_gpio0_disable_input
                0x0000000020015fe6       0x46 /home/jw/Desktop/sifive-standalone-project/bsp/install/lib/debug//libmetal.a(sifive_gpio0.o)
                0x0000000020015fe6                __metal_driver_sifive_gpio0_disable_input
 .text.__metal_driver_sifive_gpio0_input
                0x000000002001602c       0x2a /home/jw/Desktop/sifive-standalone-project/bsp/install/lib/debug//libmetal.a(sifive_gpio0.o)
                0x000000002001602c                __metal_driver_sifive_gpio0_input
 .text.__metal_driver_sifive_gpio0_output
                0x0000000020016056       0x2c /home/jw/Desktop/sifive-standalone-project/bsp/install/lib/debug//libmetal.a(sifive_gpio0.o)
                0x0000000020016056                __metal_driver_sifive_gpio0_output
 .text.__metal_driver_sifive_gpio0_disable_output
                0x0000000020016082       0x46 /home/jw/Desktop/sifive-standalone-project/bsp/install/lib/debug//libmetal.a(sifive_gpio0.o)
                0x0000000020016082                __metal_driver_sifive_gpio0_disable_output
 .text.__metal_driver_sifive_gpio0_enable_output
                0x00000000200160c8       0x40 /home/jw/Desktop/sifive-standalone-project/bsp/install/lib/debug//libmetal.a(sifive_gpio0.o)
                0x00000000200160c8                __metal_driver_sifive_gpio0_enable_output
 .text.__metal_driver_sifive_gpio0_output_set
                0x0000000020016108       0x40 /home/jw/Desktop/sifive-standalone-project/bsp/install/lib/debug//libmetal.a(sifive_gpio0.o)
                0x0000000020016108                __metal_driver_sifive_gpio0_output_set
 .text.__metal_driver_sifive_gpio0_output_clear
                0x0000000020016148       0x46 /home/jw/Desktop/sifive-standalone-project/bsp/install/lib/debug//libmetal.a(sifive_gpio0.o)
                0x0000000020016148                __metal_driver_sifive_gpio0_output_clear
 .text.__metal_driver_sifive_gpio0_output_toggle
                0x000000002001618e       0x40 /home/jw/Desktop/sifive-standalone-project/bsp/install/lib/debug//libmetal.a(sifive_gpio0.o)
                0x000000002001618e                __metal_driver_sifive_gpio0_output_toggle
 .text.__metal_driver_sifive_gpio0_enable_io
                0x00000000200161ce       0x62 /home/jw/Desktop/sifive-standalone-project/bsp/install/lib/debug//libmetal.a(sifive_gpio0.o)
                0x00000000200161ce                __metal_driver_sifive_gpio0_enable_io
 .text.__metal_driver_sifive_gpio0_disable_io
                0x0000000020016230       0x4a /home/jw/Desktop/sifive-standalone-project/bsp/install/lib/debug//libmetal.a(sifive_gpio0.o)
                0x0000000020016230                __metal_driver_sifive_gpio0_disable_io
 .text.__metal_driver_sifive_gpio0_config_int
                0x000000002001627a      0x206 /home/jw/Desktop/sifive-standalone-project/bsp/install/lib/debug//libmetal.a(sifive_gpio0.o)
                0x000000002001627a                __metal_driver_sifive_gpio0_config_int
 .text.__metal_driver_sifive_gpio0_clear_int
                0x0000000020016480      0x188 /home/jw/Desktop/sifive-standalone-project/bsp/install/lib/debug//libmetal.a(sifive_gpio0.o)
                0x0000000020016480                __metal_driver_sifive_gpio0_clear_int
 .text.__metal_driver_gpio_interrupt_controller
                0x0000000020016608       0x20 /home/jw/Desktop/sifive-standalone-project/bsp/install/lib/debug//libmetal.a(sifive_gpio0.o)
                0x0000000020016608                __metal_driver_gpio_interrupt_controller
 .text.__metal_driver_gpio_get_interrupt_id
                0x0000000020016628       0x2e /home/jw/Desktop/sifive-standalone-project/bsp/install/lib/debug//libmetal.a(sifive_gpio0.o)
                0x0000000020016628                __metal_driver_gpio_get_interrupt_id
 .text.__metal_driver_sifive_uart0_control_base
                0x0000000020016656       0x40 /home/jw/Desktop/sifive-standalone-project/bsp/install/lib/debug//libmetal.a(sifive_uart0.o)
 .text.__metal_driver_sifive_uart0_interrupt_parent
                0x0000000020016696       0x48 /home/jw/Desktop/sifive-standalone-project/bsp/install/lib/debug//libmetal.a(sifive_uart0.o)
 .text.__metal_driver_sifive_uart0_interrupt_line
                0x00000000200166de       0x3c /home/jw/Desktop/sifive-standalone-project/bsp/install/lib/debug//libmetal.a(sifive_uart0.o)
 .text.__metal_driver_sifive_uart0_clock
                0x000000002001671a       0x48 /home/jw/Desktop/sifive-standalone-project/bsp/install/lib/debug//libmetal.a(sifive_uart0.o)
 .text.__metal_driver_sifive_uart0_pinmux
                0x0000000020016762       0x40 /home/jw/Desktop/sifive-standalone-project/bsp/install/lib/debug//libmetal.a(sifive_uart0.o)
 .text.__metal_driver_sifive_uart0_pinmux_output_selector
                0x00000000200167a2       0x3c /home/jw/Desktop/sifive-standalone-project/bsp/install/lib/debug//libmetal.a(sifive_uart0.o)
 .text.__metal_driver_sifive_uart0_pinmux_source_selector
                0x00000000200167de       0x40 /home/jw/Desktop/sifive-standalone-project/bsp/install/lib/debug//libmetal.a(sifive_uart0.o)
 .text.__metal_driver_sifive_uart0_interrupt_controller
                0x000000002001681e       0x20 /home/jw/Desktop/sifive-standalone-project/bsp/install/lib/debug//libmetal.a(sifive_uart0.o)
                0x000000002001681e                __metal_driver_sifive_uart0_interrupt_controller
 .text.__metal_driver_sifive_uart0_get_interrupt_id
                0x000000002001683e       0x20 /home/jw/Desktop/sifive-standalone-project/bsp/install/lib/debug//libmetal.a(sifive_uart0.o)
                0x000000002001683e                __metal_driver_sifive_uart0_get_interrupt_id
 .text.__metal_driver_sifive_uart0_tx_interrupt_enable
                0x000000002001685e       0x3a /home/jw/Desktop/sifive-standalone-project/bsp/install/lib/debug//libmetal.a(sifive_uart0.o)
                0x000000002001685e                __metal_driver_sifive_uart0_tx_interrupt_enable
 .text.__metal_driver_sifive_uart0_tx_interrupt_disable
                0x0000000020016898       0x38 /home/jw/Desktop/sifive-standalone-project/bsp/install/lib/debug//libmetal.a(sifive_uart0.o)
                0x0000000020016898                __metal_driver_sifive_uart0_tx_interrupt_disable
 .text.__metal_driver_sifive_uart0_rx_interrupt_enable
                0x00000000200168d0       0x3a /home/jw/Desktop/sifive-standalone-project/bsp/install/lib/debug//libmetal.a(sifive_uart0.o)
                0x00000000200168d0                __metal_driver_sifive_uart0_rx_interrupt_enable
 .text.__metal_driver_sifive_uart0_rx_interrupt_disable
                0x000000002001690a       0x38 /home/jw/Desktop/sifive-standalone-project/bsp/install/lib/debug//libmetal.a(sifive_uart0.o)
                0x000000002001690a                __metal_driver_sifive_uart0_rx_interrupt_disable
 .text.__metal_driver_sifive_uart0_txready
                0x0000000020016942       0x30 /home/jw/Desktop/sifive-standalone-project/bsp/install/lib/debug//libmetal.a(sifive_uart0.o)
                0x0000000020016942                __metal_driver_sifive_uart0_txready
 .text.__metal_driver_sifive_uart0_set_tx_watermark
                0x0000000020016972       0x4a /home/jw/Desktop/sifive-standalone-project/bsp/install/lib/debug//libmetal.a(sifive_uart0.o)
                0x0000000020016972                __metal_driver_sifive_uart0_set_tx_watermark
 .text.__metal_driver_sifive_uart0_get_tx_watermark
                0x00000000200169bc       0x30 /home/jw/Desktop/sifive-standalone-project/bsp/install/lib/debug//libmetal.a(sifive_uart0.o)
                0x00000000200169bc                __metal_driver_sifive_uart0_get_tx_watermark
 .text.__metal_driver_sifive_uart0_set_rx_watermark
                0x00000000200169ec       0x4a /home/jw/Desktop/sifive-standalone-project/bsp/install/lib/debug//libmetal.a(sifive_uart0.o)
                0x00000000200169ec                __metal_driver_sifive_uart0_set_rx_watermark
 .text.__metal_driver_sifive_uart0_get_rx_watermark
                0x0000000020016a36       0x30 /home/jw/Desktop/sifive-standalone-project/bsp/install/lib/debug//libmetal.a(sifive_uart0.o)
                0x0000000020016a36                __metal_driver_sifive_uart0_get_rx_watermark
 .text.__metal_driver_sifive_uart0_putc
                0x0000000020016a66       0x42 /home/jw/Desktop/sifive-standalone-project/bsp/install/lib/debug//libmetal.a(sifive_uart0.o)
                0x0000000020016a66                __metal_driver_sifive_uart0_putc
 .text.__metal_driver_sifive_uart0_getc
                0x0000000020016aa8       0x56 /home/jw/Desktop/sifive-standalone-project/bsp/install/lib/debug//libmetal.a(sifive_uart0.o)
                0x0000000020016aa8                __metal_driver_sifive_uart0_getc
 .text.__metal_driver_sifive_uart0_get_baud_rate
                0x0000000020016afe       0x20 /home/jw/Desktop/sifive-standalone-project/bsp/install/lib/debug//libmetal.a(sifive_uart0.o)
                0x0000000020016afe                __metal_driver_sifive_uart0_get_baud_rate
 .text.__metal_driver_sifive_uart0_set_baud_rate
                0x0000000020016b1e       0xa0 /home/jw/Desktop/sifive-standalone-project/bsp/install/lib/debug//libmetal.a(sifive_uart0.o)
                0x0000000020016b1e                __metal_driver_sifive_uart0_set_baud_rate
 .text.pre_rate_change_callback_func
                0x0000000020016bbe       0xda /home/jw/Desktop/sifive-standalone-project/bsp/install/lib/debug//libmetal.a(sifive_uart0.o)
 .text.post_rate_change_callback_func
                0x0000000020016c98       0x30 /home/jw/Desktop/sifive-standalone-project/bsp/install/lib/debug//libmetal.a(sifive_uart0.o)
 .text.__metal_driver_sifive_uart0_init
                0x0000000020016cc8       0xd2 /home/jw/Desktop/sifive-standalone-project/bsp/install/lib/debug//libmetal.a(sifive_uart0.o)
                0x0000000020016cc8                __metal_driver_sifive_uart0_init
 .text._metal_clock_call_all_callbacks
                0x0000000020016d9a       0x42 /home/jw/Desktop/sifive-standalone-project/bsp/install/lib/debug//libmetal.a(clock.o)
                0x0000000020016d9a                _metal_clock_call_all_callbacks
 .text._metal_clock_append_to_callbacks
                0x0000000020016ddc       0x54 /home/jw/Desktop/sifive-standalone-project/bsp/install/lib/debug//libmetal.a(clock.o)
                0x0000000020016ddc                _metal_clock_append_to_callbacks
 .text.metal_clock_get_rate_hz
                0x0000000020016e30       0x26 /home/jw/Desktop/sifive-standalone-project/bsp/install/lib/debug//libmetal.a(clock.o)
                0x0000000020016e30                metal_clock_get_rate_hz
 .text.metal_clock_set_rate_hz
                0x0000000020016e56       0x4c /home/jw/Desktop/sifive-standalone-project/bsp/install/lib/debug//libmetal.a(clock.o)
                0x0000000020016e56                metal_clock_set_rate_hz
 .text.metal_clock_register_pre_rate_change_callback
                0x0000000020016ea2       0x32 /home/jw/Desktop/sifive-standalone-project/bsp/install/lib/debug//libmetal.a(clock.o)
                0x0000000020016ea2                metal_clock_register_pre_rate_change_callback
 .text.metal_clock_register_post_rate_change_callback
                0x0000000020016ed4       0x32 /home/jw/Desktop/sifive-standalone-project/bsp/install/lib/debug//libmetal.a(clock.o)
                0x0000000020016ed4                metal_clock_register_post_rate_change_callback
 .text.metal_cpu_interrupt_controller
                0x0000000020016f06       0x26 /home/jw/Desktop/sifive-standalone-project/bsp/install/lib/debug//libmetal.a(cpu.o)
                0x0000000020016f06                metal_cpu_interrupt_controller
 .text.metal_cpu_get
                0x0000000020016f2c       0x2e /home/jw/Desktop/sifive-standalone-project/bsp/install/lib/debug//libmetal.a(cpu.o)
                0x0000000020016f2c                metal_cpu_get
 .text.metal_cpu_get_current_hartid
                0x0000000020016f5a       0x1a /home/jw/Desktop/sifive-standalone-project/bsp/install/lib/debug//libmetal.a(cpu.o)
                0x0000000020016f5a                metal_cpu_get_current_hartid
 .text.metal_shutdown
                0x0000000020016f74        0xe /home/jw/Desktop/sifive-standalone-project/bsp/install/lib/debug//libmetal.a(shutdown.o)
                0x0000000020016f74                metal_shutdown
 *fill*         0x0000000020016f82       0x7e 
 .text          0x0000000020017000       0x80 /home/jw/Desktop/sifive-standalone-project/bsp/install/lib/debug//libmetal.a(vector.o)
                0x0000000020017000                __metal_vector_table
 .text.__metal_driver_fixed_clock_rate
                0x0000000020017080       0x70 /home/jw/Desktop/sifive-standalone-project/bsp/install/lib/debug//libmetal.a(fixed-clock.o)
 .text.__metal_driver_fixed_clock_get_rate_hz
                0x00000000200170f0       0x1e /home/jw/Desktop/sifive-standalone-project/bsp/install/lib/debug//libmetal.a(fixed-clock.o)
                0x00000000200170f0                __metal_driver_fixed_clock_get_rate_hz
 .text.__metal_driver_fixed_clock_set_rate_hz
                0x000000002001710e       0x22 /home/jw/Desktop/sifive-standalone-project/bsp/install/lib/debug//libmetal.a(fixed-clock.o)
                0x000000002001710e                __metal_driver_fixed_clock_set_rate_hz
 .text._exit    0x0000000020017130       0x14 /home/jw/Desktop/sifive-standalone-project/bsp/install/lib/debug//libmetal-gloss.a(sys_exit.o)
                0x0000000020017130                _exit
 *(.gnu.linkonce.t.*)

.rela.dyn       0x0000000020017144        0x0
 .rela.text._vfprintf_r
                0x0000000020017144        0x0 /tmp/ccGNXoYY.o
 .rela.text.metal.init.enter
                0x0000000020017144        0x0 /tmp/ccGNXoYY.o
 .rela.text.metal.init.scrub
                0x0000000020017144        0x0 /tmp/ccGNXoYY.o
 .rela.text.libgloss.start
                0x0000000020017144        0x0 /tmp/ccGNXoYY.o
 .rela.sdata.__brk
                0x0000000020017144        0x0 /tmp/ccGNXoYY.o
 .rela.text._sbrk
                0x0000000020017144        0x0 /tmp/ccGNXoYY.o
 .rela.text.__libc_fini_array
                0x0000000020017144        0x0 /tmp/ccGNXoYY.o
 .rela.text.__libc_init_array
                0x0000000020017144        0x0 /tmp/ccGNXoYY.o
 .rela.text.__register_exitproc
                0x0000000020017144        0x0 /tmp/ccGNXoYY.o
 .rela.text.metal_init
                0x0000000020017144        0x0 /tmp/ccGNXoYY.o
 .rela.text.metal_fini
                0x0000000020017144        0x0 /tmp/ccGNXoYY.o
 .rela.text.__metal_driver_cpu_get
                0x0000000020017144        0x0 /tmp/ccGNXoYY.o
 .rela.text.metal_software_interrupt_vector_handler
                0x0000000020017144        0x0 /tmp/ccGNXoYY.o
 .rela.text.__metal_default_sw_handler
                0x0000000020017144        0x0 /tmp/ccGNXoYY.o
 .rela.text.metal_timer_interrupt_vector_handler
                0x0000000020017144        0x0 /tmp/ccGNXoYY.o
 .rela.text.__metal_exception_handler
                0x0000000020017144        0x0 /tmp/ccGNXoYY.o
 .rela.text.metal_lc0_interrupt_vector_handler
                0x0000000020017144        0x0 /tmp/ccGNXoYY.o
 .rela.text.metal_lc1_interrupt_vector_handler
                0x0000000020017144        0x0 /tmp/ccGNXoYY.o
 .rela.text.metal_lc2_interrupt_vector_handler
                0x0000000020017144        0x0 /tmp/ccGNXoYY.o
 .rela.text.metal_lc3_interrupt_vector_handler
                0x0000000020017144        0x0 /tmp/ccGNXoYY.o
 .rela.text.metal_lc4_interrupt_vector_handler
                0x0000000020017144        0x0 /tmp/ccGNXoYY.o
 .rela.text.metal_lc5_interrupt_vector_handler
                0x0000000020017144        0x0 /tmp/ccGNXoYY.o
 .rela.text.metal_lc6_interrupt_vector_handler
                0x0000000020017144        0x0 /tmp/ccGNXoYY.o
 .rela.text.metal_lc7_interrupt_vector_handler
                0x0000000020017144        0x0 /tmp/ccGNXoYY.o
 .rela.text.metal_lc8_interrupt_vector_handler
                0x0000000020017144        0x0 /tmp/ccGNXoYY.o
 .rela.text.metal_lc9_interrupt_vector_handler
                0x0000000020017144        0x0 /tmp/ccGNXoYY.o
 .rela.text.metal_lc10_interrupt_vector_handler
                0x0000000020017144        0x0 /tmp/ccGNXoYY.o
 .rela.text.metal_lc11_interrupt_vector_handler
                0x0000000020017144        0x0 /tmp/ccGNXoYY.o
 .rela.text.metal_lc12_interrupt_vector_handler
                0x0000000020017144        0x0 /tmp/ccGNXoYY.o
 .rela.text.metal_lc13_interrupt_vector_handler
                0x0000000020017144        0x0 /tmp/ccGNXoYY.o
 .rela.text.metal_lc14_interrupt_vector_handler
                0x0000000020017144        0x0 /tmp/ccGNXoYY.o
 .rela.text.metal_lc15_interrupt_vector_handler
                0x0000000020017144        0x0 /tmp/ccGNXoYY.o
 .rela.text.metal_cpu_get
                0x0000000020017144        0x0 /tmp/ccGNXoYY.o
 .rela.text     0x0000000020017144        0x0 /tmp/ccGNXoYY.o

.data           0x0000000080000000      0xac4 load address 0x0000000020017148
 *(.data .data.*)
 .data.impure_data
                0x0000000080000000       0x60 /home/jw/Desktop/riscv64-unknown-elf-toolchain-10.2.0-2020.12.8-x86_64-linux-ubuntu14/bin/../lib/gcc/riscv64-unknown-elf/10.2.0/../../../../riscv64-unknown-elf/lib/rv32imac/ilp32/libc_nano.a(lib_a-impure.o)
 .data.__metal_dt_clock_0
                0x0000000080000060        0xc /home/jw/Desktop/sifive-standalone-project/bsp/install/lib/debug//libmetal.a(inline.o)
                0x0000000080000060                __metal_dt_clock_0
 .data.__metal_dt_clock_2
                0x000000008000006c        0xc /home/jw/Desktop/sifive-standalone-project/bsp/install/lib/debug//libmetal.a(inline.o)
                0x000000008000006c                __metal_dt_clock_2
 .data.__metal_dt_clock_5
                0x0000000080000078        0xc /home/jw/Desktop/sifive-standalone-project/bsp/install/lib/debug//libmetal.a(inline.o)
                0x0000000080000078                __metal_dt_clock_5
 .data.__metal_dt_clock_6
                0x0000000080000084        0xc /home/jw/Desktop/sifive-standalone-project/bsp/install/lib/debug//libmetal.a(inline.o)
                0x0000000080000084                __metal_dt_clock_6
 .data.__metal_dt_cpu_0_interrupt_controller
                0x0000000080000090      0x3d0 /home/jw/Desktop/sifive-standalone-project/bsp/install/lib/debug//libmetal.a(inline.o)
                0x0000000080000090                __metal_dt_cpu_0_interrupt_controller
 .data.__metal_dt_interrupt_controller_c000000
                0x0000000080000460      0x5d8 /home/jw/Desktop/sifive-standalone-project/bsp/install/lib/debug//libmetal.a(inline.o)
                0x0000000080000460                __metal_dt_interrupt_controller_c000000
 .data.__metal_dt_serial_10013000
                0x0000000080000a38       0x20 /home/jw/Desktop/sifive-standalone-project/bsp/install/lib/debug//libmetal.a(inline.o)
                0x0000000080000a38                __metal_dt_serial_10013000
 .data.__metal_dt_serial_10023000
                0x0000000080000a58       0x20 /home/jw/Desktop/sifive-standalone-project/bsp/install/lib/debug//libmetal.a(inline.o)
                0x0000000080000a58                __metal_dt_serial_10023000
 .data.__metal_dt_clock_3
                0x0000000080000a78        0xc /home/jw/Desktop/sifive-standalone-project/bsp/install/lib/debug//libmetal.a(inline.o)
                0x0000000080000a78                __metal_dt_clock_3
 .data.__metal_dt_clock_1
                0x0000000080000a84        0xc /home/jw/Desktop/sifive-standalone-project/bsp/install/lib/debug//libmetal.a(inline.o)
                0x0000000080000a84                __metal_dt_clock_1
 .data.__metal_dt_clock_4
                0x0000000080000a90        0xc /home/jw/Desktop/sifive-standalone-project/bsp/install/lib/debug//libmetal.a(inline.o)
                0x0000000080000a90                __metal_dt_clock_4
 *(.gnu.linkonce.d.*)
                0x0000000080000aa0                . = ALIGN (0x8)
 *fill*         0x0000000080000a9c        0x4 
                0x00000000800012a0                PROVIDE (__global_pointer$ = (. + 0x800))
 *(.sdata .sdata.* .sdata2.*)
 .sdata._impure_ptr
                0x0000000080000aa0        0x4 /home/jw/Desktop/riscv64-unknown-elf-toolchain-10.2.0-2020.12.8-x86_64-linux-ubuntu14/bin/../lib/gcc/riscv64-unknown-elf/10.2.0/../../../../riscv64-unknown-elf/lib/rv32imac/ilp32/libc_nano.a(lib_a-impure.o)
                0x0000000080000aa0                _impure_ptr
 .sdata.__brk   0x0000000080000aa4        0x4 /home/jw/Desktop/sifive-standalone-project/bsp/install/lib/debug//libmetal-gloss.a(sys_sbrk.o)
 .sdata.__metal_cpu_table
                0x0000000080000aa8        0x4 /home/jw/Desktop/sifive-standalone-project/bsp/install/lib/debug//libmetal.a(synchronize_harts.o)
                0x0000000080000aa8                __metal_cpu_table
 .sdata.__metal_dt_clint_2000000
                0x0000000080000aac        0x8 /home/jw/Desktop/sifive-standalone-project/bsp/install/lib/debug//libmetal.a(inline.o)
                0x0000000080000aac                __metal_dt_clint_2000000
 .sdata.__metal_dt_cpu_0
                0x0000000080000ab4        0x8 /home/jw/Desktop/sifive-standalone-project/bsp/install/lib/debug//libmetal.a(inline.o)
                0x0000000080000ab4                __metal_dt_cpu_0
 .sdata.__metal_dt_gpio_10012000
                0x0000000080000abc        0x4 /home/jw/Desktop/sifive-standalone-project/bsp/install/lib/debug//libmetal.a(inline.o)
                0x0000000080000abc                __metal_dt_gpio_10012000
 .sdata.__metal_dt_prci_10008000
                0x0000000080000ac0        0x4 /home/jw/Desktop/sifive-standalone-project/bsp/install/lib/debug//libmetal.a(inline.o)
                0x0000000080000ac0                __metal_dt_prci_10008000
 *(.gnu.linkonce.s.*)

.tdata          0x0000000080000ac8        0x0 load address 0x0000000020017c10
                0x0000000080000ac8                PROVIDE (__tls_base = .)
 *(.tdata .tdata.* .gnu.linkonce.td.*)
                [!provide]                        PROVIDE (__tdata_source = LOADADDR (.tdata))
                [!provide]                        PROVIDE (__tdata_size = SIZEOF (.tdata))
                0x0000000020017148                PROVIDE (metal_segment_data_source_start = LOADADDR (.data))
                0x0000000080000000                PROVIDE (metal_segment_data_target_start = ADDR (.data))
                0x0000000080000ac8                PROVIDE (metal_segment_data_target_end = (ADDR (.tdata) + SIZEOF (.tdata)))

.tbss           0x0000000080000ac8        0x0
 *(.tbss .tbss.* .gnu.linkonce.tb.*)
 *(.tcommon .tcommon.*)
                [!provide]                        PROVIDE (__tls_end = .)
                0x0000000000000000                PROVIDE (__tbss_size = SIZEOF (.tbss))
                [!provide]                        PROVIDE (__tls_size = (__tls_end - __tls_base))

.tbss_space     0x0000000080000ac8        0x0
                0x0000000080000ac8                . = (. + __tbss_size)

.bss            0x0000000080000ac8       0xa4
 *(.sbss*)
 .sbss.__malloc_free_list
                0x0000000080000ac8        0x4 /home/jw/Desktop/riscv64-unknown-elf-toolchain-10.2.0-2020.12.8-x86_64-linux-ubuntu14/bin/../lib/gcc/riscv64-unknown-elf/10.2.0/../../../../riscv64-unknown-elf/lib/rv32imac/ilp32/libc_nano.a(lib_a-nano-mallocr.o)
                0x0000000080000ac8                __malloc_free_list
 .sbss.__malloc_sbrk_start
                0x0000000080000acc        0x4 /home/jw/Desktop/riscv64-unknown-elf-toolchain-10.2.0-2020.12.8-x86_64-linux-ubuntu14/bin/../lib/gcc/riscv64-unknown-elf/10.2.0/../../../../riscv64-unknown-elf/lib/rv32imac/ilp32/libc_nano.a(lib_a-nano-mallocr.o)
                0x0000000080000acc                __malloc_sbrk_start
 .sbss.errno    0x0000000080000ad0        0x4 /home/jw/Desktop/riscv64-unknown-elf-toolchain-10.2.0-2020.12.8-x86_64-linux-ubuntu14/bin/../lib/gcc/riscv64-unknown-elf/10.2.0/../../../../riscv64-unknown-elf/lib/rv32imac/ilp32/libc_nano.a(lib_a-reent.o)
                0x0000000080000ad0                errno
 .sbss._global_atexit
                0x0000000080000ad4        0x4 /home/jw/Desktop/riscv64-unknown-elf-toolchain-10.2.0-2020.12.8-x86_64-linux-ubuntu14/bin/../lib/gcc/riscv64-unknown-elf/10.2.0/../../../../riscv64-unknown-elf/lib/rv32imac/ilp32/libc_nano.a(lib_a-__call_atexit.o)
                0x0000000080000ad4                _global_atexit
 .sbss.init_done.1
                0x0000000080000ad8        0x4 /home/jw/Desktop/sifive-standalone-project/bsp/install/lib/debug//libmetal.a(init.o)
 .sbss.fini_done.0
                0x0000000080000adc        0x4 /home/jw/Desktop/sifive-standalone-project/bsp/install/lib/debug//libmetal.a(init.o)
 *(.gnu.linkonce.sb.*)
 *(.bss .bss.*)
 .bss._global_atexit0
                0x0000000080000ae0       0x8c /home/jw/Desktop/riscv64-unknown-elf-toolchain-10.2.0-2020.12.8-x86_64-linux-ubuntu14/bin/../lib/gcc/riscv64-unknown-elf/10.2.0/../../../../riscv64-unknown-elf/lib/rv32imac/ilp32/libc_nano.a(lib_a-__atexit.o)
 *(.gnu.linkonce.b.*)
 *(COMMON)
                [!provide]                        PROVIDE (metal_segment_bss_source_start = LOADADDR (.tbss))
                0x0000000080000ac8                PROVIDE (metal_segment_bss_target_start = ADDR (.tbss))
                0x0000000080000b6c                PROVIDE (metal_segment_bss_target_end = (ADDR (.bss) + SIZEOF (.bss)))

.stack          0x0000000080000b70      0x400
                [!provide]                        PROVIDE (metal_segment_stack_begin = .)
                0x0000000080000f70                . = (. + __stack_size)
 *fill*         0x0000000080000b70      0x400 
                0x0000000080000f70                PROVIDE (_sp = .)
                [!provide]                        PROVIDE (metal_segment_stack_end = .)

.heap           0x0000000080000f70      0x800
                [!provide]                        PROVIDE (__end = .)
                [!provide]                        PROVIDE (__heap_start = .)
                0x0000000080000f70                PROVIDE (metal_segment_heap_target_start = .)